<?xml version="1.0"?>
<link_info>
   <banner>MSP430 Linker PC v16.9.11.LTS</banner>
   <copyright>Copyright (c) 2003-2017 Texas Instruments Incorporated</copyright>
   <link_time>0x635ac794</link_time>
   <link_errors>0x0</link_errors>
   <output_file>RTOS_FR2355.out</output_file>
   <entry_point>
      <name>_c_int00_noargs_noexit_mpu</name>
      <address>0xa9b0</address>
   </entry_point>
   <input_file_list>
      <input_file id="fl-2">
         <path>.\</path>
         <kind>object</kind>
         <file>deferred_interrupt.obj</file>
         <name>deferred_interrupt.obj</name>
      </input_file>
      <input_file id="fl-3">
         <path>.\</path>
         <kind>object</kind>
         <file>main.obj</file>
         <name>main.obj</name>
      </input_file>
      <input_file id="fl-4">
         <path>.\</path>
         <kind>object</kind>
         <file>printf-stdarg.obj</file>
         <name>printf-stdarg.obj</name>
      </input_file>
      <input_file id="fl-5">
         <path>.\CCS_Only\</path>
         <kind>object</kind>
         <file>RegTest.obj</file>
         <name>RegTest.obj</name>
      </input_file>
      <input_file id="fl-6">
         <path>.\FreeRTOS_Source\</path>
         <kind>object</kind>
         <file>croutine.obj</file>
         <name>croutine.obj</name>
      </input_file>
      <input_file id="fl-7">
         <path>.\FreeRTOS_Source\</path>
         <kind>object</kind>
         <file>event_groups.obj</file>
         <name>event_groups.obj</name>
      </input_file>
      <input_file id="fl-8">
         <path>.\FreeRTOS_Source\</path>
         <kind>object</kind>
         <file>list.obj</file>
         <name>list.obj</name>
      </input_file>
      <input_file id="fl-9">
         <path>.\FreeRTOS_Source\</path>
         <kind>object</kind>
         <file>queue.obj</file>
         <name>queue.obj</name>
      </input_file>
      <input_file id="fl-a">
         <path>.\FreeRTOS_Source\</path>
         <kind>object</kind>
         <file>stream_buffer.obj</file>
         <name>stream_buffer.obj</name>
      </input_file>
      <input_file id="fl-b">
         <path>.\FreeRTOS_Source\</path>
         <kind>object</kind>
         <file>tasks.obj</file>
         <name>tasks.obj</name>
      </input_file>
      <input_file id="fl-c">
         <path>.\FreeRTOS_Source\</path>
         <kind>object</kind>
         <file>timers.obj</file>
         <name>timers.obj</name>
      </input_file>
      <input_file id="fl-d">
         <path>.\FreeRTOS_Source\portable\CCS\MSP430X\</path>
         <kind>object</kind>
         <file>port.obj</file>
         <name>port.obj</name>
      </input_file>
      <input_file id="fl-e">
         <path>.\FreeRTOS_Source\portable\CCS\MSP430X\</path>
         <kind>object</kind>
         <file>portext.obj</file>
         <name>portext.obj</name>
      </input_file>
      <input_file id="fl-f">
         <path>.\FreeRTOS_Source\portable\MemMang\</path>
         <kind>object</kind>
         <file>heap_4.obj</file>
         <name>heap_4.obj</name>
      </input_file>
      <input_file id="fl-10">
         <path>.\driverlib\MSP430FR2xx_4xx\</path>
         <kind>object</kind>
         <file>adc.obj</file>
         <name>adc.obj</name>
      </input_file>
      <input_file id="fl-11">
         <path>.\driverlib\MSP430FR2xx_4xx\</path>
         <kind>object</kind>
         <file>crc.obj</file>
         <name>crc.obj</name>
      </input_file>
      <input_file id="fl-12">
         <path>.\driverlib\MSP430FR2xx_4xx\</path>
         <kind>object</kind>
         <file>cs.obj</file>
         <name>cs.obj</name>
      </input_file>
      <input_file id="fl-13">
         <path>.\driverlib\MSP430FR2xx_4xx\</path>
         <kind>object</kind>
         <file>ecomp.obj</file>
         <name>ecomp.obj</name>
      </input_file>
      <input_file id="fl-14">
         <path>.\driverlib\MSP430FR2xx_4xx\</path>
         <kind>object</kind>
         <file>eusci_a_spi.obj</file>
         <name>eusci_a_spi.obj</name>
      </input_file>
      <input_file id="fl-15">
         <path>.\driverlib\MSP430FR2xx_4xx\</path>
         <kind>object</kind>
         <file>eusci_a_uart.obj</file>
         <name>eusci_a_uart.obj</name>
      </input_file>
      <input_file id="fl-16">
         <path>.\driverlib\MSP430FR2xx_4xx\</path>
         <kind>object</kind>
         <file>eusci_b_i2c.obj</file>
         <name>eusci_b_i2c.obj</name>
      </input_file>
      <input_file id="fl-17">
         <path>.\driverlib\MSP430FR2xx_4xx\</path>
         <kind>object</kind>
         <file>eusci_b_spi.obj</file>
         <name>eusci_b_spi.obj</name>
      </input_file>
      <input_file id="fl-18">
         <path>.\driverlib\MSP430FR2xx_4xx\</path>
         <kind>object</kind>
         <file>framctl.obj</file>
         <name>framctl.obj</name>
      </input_file>
      <input_file id="fl-19">
         <path>.\driverlib\MSP430FR2xx_4xx\</path>
         <kind>object</kind>
         <file>gpio.obj</file>
         <name>gpio.obj</name>
      </input_file>
      <input_file id="fl-1a">
         <path>.\driverlib\MSP430FR2xx_4xx\</path>
         <kind>object</kind>
         <file>icc.obj</file>
         <name>icc.obj</name>
      </input_file>
      <input_file id="fl-1b">
         <path>.\driverlib\MSP430FR2xx_4xx\</path>
         <kind>object</kind>
         <file>lcd_e.obj</file>
         <name>lcd_e.obj</name>
      </input_file>
      <input_file id="fl-1c">
         <path>.\driverlib\MSP430FR2xx_4xx\</path>
         <kind>object</kind>
         <file>mpy32.obj</file>
         <name>mpy32.obj</name>
      </input_file>
      <input_file id="fl-1d">
         <path>.\driverlib\MSP430FR2xx_4xx\</path>
         <kind>object</kind>
         <file>pmm.obj</file>
         <name>pmm.obj</name>
      </input_file>
      <input_file id="fl-1e">
         <path>.\driverlib\MSP430FR2xx_4xx\</path>
         <kind>object</kind>
         <file>rtc.obj</file>
         <name>rtc.obj</name>
      </input_file>
      <input_file id="fl-1f">
         <path>.\driverlib\MSP430FR2xx_4xx\</path>
         <kind>object</kind>
         <file>sac.obj</file>
         <name>sac.obj</name>
      </input_file>
      <input_file id="fl-20">
         <path>.\driverlib\MSP430FR2xx_4xx\</path>
         <kind>object</kind>
         <file>sfr.obj</file>
         <name>sfr.obj</name>
      </input_file>
      <input_file id="fl-21">
         <path>.\driverlib\MSP430FR2xx_4xx\</path>
         <kind>object</kind>
         <file>sysctl.obj</file>
         <name>sysctl.obj</name>
      </input_file>
      <input_file id="fl-22">
         <path>.\driverlib\MSP430FR2xx_4xx\</path>
         <kind>object</kind>
         <file>tia.obj</file>
         <name>tia.obj</name>
      </input_file>
      <input_file id="fl-23">
         <path>.\driverlib\MSP430FR2xx_4xx\</path>
         <kind>object</kind>
         <file>timer_a.obj</file>
         <name>timer_a.obj</name>
      </input_file>
      <input_file id="fl-24">
         <path>.\driverlib\MSP430FR2xx_4xx\</path>
         <kind>object</kind>
         <file>timer_b.obj</file>
         <name>timer_b.obj</name>
      </input_file>
      <input_file id="fl-25">
         <path>.\driverlib\MSP430FR2xx_4xx\</path>
         <kind>object</kind>
         <file>tlv.obj</file>
         <name>tlv.obj</name>
      </input_file>
      <input_file id="fl-26">
         <path>.\driverlib\MSP430FR2xx_4xx\</path>
         <kind>object</kind>
         <file>wdt_a.obj</file>
         <name>wdt_a.obj</name>
      </input_file>
      <input_file id="fl-2c">
         <kind>object</kind>
         <file>&lt;internal&gt;</file>
         <name>&lt;internal&gt;</name>
      </input_file>
      <input_file id="fl-47">
         <path>C:\ti\ccs1200\ccs\tools\compiler\ti-cgt-msp430_16.9.11.LTS\lib\</path>
         <kind>archive</kind>
         <file>rts430x_lc_ld_eabi.lib</file>
         <name>copy_decompress_lzss.obj</name>
      </input_file>
      <input_file id="fl-48">
         <path>C:\ti\ccs1200\ccs\tools\compiler\ti-cgt-msp430_16.9.11.LTS\lib\</path>
         <kind>archive</kind>
         <file>rts430x_lc_ld_eabi.lib</file>
         <name>copy_decompress_none.obj</name>
      </input_file>
      <input_file id="fl-49">
         <path>C:\ti\ccs1200\ccs\tools\compiler\ti-cgt-msp430_16.9.11.LTS\lib\</path>
         <kind>archive</kind>
         <file>rts430x_lc_ld_eabi.lib</file>
         <name>int23.obj</name>
      </input_file>
      <input_file id="fl-4a">
         <path>C:\ti\ccs1200\ccs\tools\compiler\ti-cgt-msp430_16.9.11.LTS\lib\</path>
         <kind>archive</kind>
         <file>rts430x_lc_ld_eabi.lib</file>
         <name>isr_trap.obj</name>
      </input_file>
      <input_file id="fl-4b">
         <path>C:\ti\ccs1200\ccs\tools\compiler\ti-cgt-msp430_16.9.11.LTS\lib\</path>
         <kind>archive</kind>
         <file>rts430x_lc_ld_eabi.lib</file>
         <name>int24.obj</name>
      </input_file>
      <input_file id="fl-4c">
         <path>C:\ti\ccs1200\ccs\tools\compiler\ti-cgt-msp430_16.9.11.LTS\lib\</path>
         <kind>archive</kind>
         <file>rts430x_lc_ld_eabi.lib</file>
         <name>int25.obj</name>
      </input_file>
      <input_file id="fl-4d">
         <path>C:\ti\ccs1200\ccs\tools\compiler\ti-cgt-msp430_16.9.11.LTS\lib\</path>
         <kind>archive</kind>
         <file>rts430x_lc_ld_eabi.lib</file>
         <name>int26.obj</name>
      </input_file>
      <input_file id="fl-4e">
         <path>C:\ti\ccs1200\ccs\tools\compiler\ti-cgt-msp430_16.9.11.LTS\lib\</path>
         <kind>archive</kind>
         <file>rts430x_lc_ld_eabi.lib</file>
         <name>int27.obj</name>
      </input_file>
      <input_file id="fl-4f">
         <path>C:\ti\ccs1200\ccs\tools\compiler\ti-cgt-msp430_16.9.11.LTS\lib\</path>
         <kind>archive</kind>
         <file>rts430x_lc_ld_eabi.lib</file>
         <name>int28.obj</name>
      </input_file>
      <input_file id="fl-50">
         <path>C:\ti\ccs1200\ccs\tools\compiler\ti-cgt-msp430_16.9.11.LTS\lib\</path>
         <kind>archive</kind>
         <file>rts430x_lc_ld_eabi.lib</file>
         <name>int29.obj</name>
      </input_file>
      <input_file id="fl-51">
         <path>C:\ti\ccs1200\ccs\tools\compiler\ti-cgt-msp430_16.9.11.LTS\lib\</path>
         <kind>archive</kind>
         <file>rts430x_lc_ld_eabi.lib</file>
         <name>int30.obj</name>
      </input_file>
      <input_file id="fl-52">
         <path>C:\ti\ccs1200\ccs\tools\compiler\ti-cgt-msp430_16.9.11.LTS\lib\</path>
         <kind>archive</kind>
         <file>rts430x_lc_ld_eabi.lib</file>
         <name>int31.obj</name>
      </input_file>
      <input_file id="fl-53">
         <path>C:\ti\ccs1200\ccs\tools\compiler\ti-cgt-msp430_16.9.11.LTS\lib\</path>
         <kind>archive</kind>
         <file>rts430x_lc_ld_eabi.lib</file>
         <name>int32.obj</name>
      </input_file>
      <input_file id="fl-54">
         <path>C:\ti\ccs1200\ccs\tools\compiler\ti-cgt-msp430_16.9.11.LTS\lib\</path>
         <kind>archive</kind>
         <file>rts430x_lc_ld_eabi.lib</file>
         <name>int33.obj</name>
      </input_file>
      <input_file id="fl-55">
         <path>C:\ti\ccs1200\ccs\tools\compiler\ti-cgt-msp430_16.9.11.LTS\lib\</path>
         <kind>archive</kind>
         <file>rts430x_lc_ld_eabi.lib</file>
         <name>int34.obj</name>
      </input_file>
      <input_file id="fl-56">
         <path>C:\ti\ccs1200\ccs\tools\compiler\ti-cgt-msp430_16.9.11.LTS\lib\</path>
         <kind>archive</kind>
         <file>rts430x_lc_ld_eabi.lib</file>
         <name>int35.obj</name>
      </input_file>
      <input_file id="fl-57">
         <path>C:\ti\ccs1200\ccs\tools\compiler\ti-cgt-msp430_16.9.11.LTS\lib\</path>
         <kind>archive</kind>
         <file>rts430x_lc_ld_eabi.lib</file>
         <name>int36.obj</name>
      </input_file>
      <input_file id="fl-58">
         <path>C:\ti\ccs1200\ccs\tools\compiler\ti-cgt-msp430_16.9.11.LTS\lib\</path>
         <kind>archive</kind>
         <file>rts430x_lc_ld_eabi.lib</file>
         <name>int37.obj</name>
      </input_file>
      <input_file id="fl-59">
         <path>C:\ti\ccs1200\ccs\tools\compiler\ti-cgt-msp430_16.9.11.LTS\lib\</path>
         <kind>archive</kind>
         <file>rts430x_lc_ld_eabi.lib</file>
         <name>int38.obj</name>
      </input_file>
      <input_file id="fl-5a">
         <path>C:\ti\ccs1200\ccs\tools\compiler\ti-cgt-msp430_16.9.11.LTS\lib\</path>
         <kind>archive</kind>
         <file>rts430x_lc_ld_eabi.lib</file>
         <name>int39.obj</name>
      </input_file>
      <input_file id="fl-5b">
         <path>C:\ti\ccs1200\ccs\tools\compiler\ti-cgt-msp430_16.9.11.LTS\lib\</path>
         <kind>archive</kind>
         <file>rts430x_lc_ld_eabi.lib</file>
         <name>int40.obj</name>
      </input_file>
      <input_file id="fl-5c">
         <path>C:\ti\ccs1200\ccs\tools\compiler\ti-cgt-msp430_16.9.11.LTS\lib\</path>
         <kind>archive</kind>
         <file>rts430x_lc_ld_eabi.lib</file>
         <name>int41.obj</name>
      </input_file>
      <input_file id="fl-5d">
         <path>C:\ti\ccs1200\ccs\tools\compiler\ti-cgt-msp430_16.9.11.LTS\lib\</path>
         <kind>archive</kind>
         <file>rts430x_lc_ld_eabi.lib</file>
         <name>int42.obj</name>
      </input_file>
      <input_file id="fl-5e">
         <path>C:\ti\ccs1200\ccs\tools\compiler\ti-cgt-msp430_16.9.11.LTS\lib\</path>
         <kind>archive</kind>
         <file>rts430x_lc_ld_eabi.lib</file>
         <name>int44.obj</name>
      </input_file>
      <input_file id="fl-5f">
         <path>C:\ti\ccs1200\ccs\tools\compiler\ti-cgt-msp430_16.9.11.LTS\lib\</path>
         <kind>archive</kind>
         <file>rts430x_lc_ld_eabi.lib</file>
         <name>int45.obj</name>
      </input_file>
      <input_file id="fl-60">
         <path>C:\ti\ccs1200\ccs\tools\compiler\ti-cgt-msp430_16.9.11.LTS\lib\</path>
         <kind>archive</kind>
         <file>rts430x_lc_ld_eabi.lib</file>
         <name>copy_zero_init.obj</name>
      </input_file>
      <input_file id="fl-61">
         <path>C:\ti\ccs1200\ccs\tools\compiler\ti-cgt-msp430_16.9.11.LTS\lib\</path>
         <kind>archive</kind>
         <file>rts430x_lc_ld_eabi.lib</file>
         <name>div16s.obj</name>
      </input_file>
      <input_file id="fl-62">
         <path>C:\ti\ccs1200\ccs\tools\compiler\ti-cgt-msp430_16.9.11.LTS\lib\</path>
         <kind>archive</kind>
         <file>rts430x_lc_ld_eabi.lib</file>
         <name>div32s.obj</name>
      </input_file>
      <input_file id="fl-63">
         <path>C:\ti\ccs1200\ccs\tools\compiler\ti-cgt-msp430_16.9.11.LTS\lib\</path>
         <kind>archive</kind>
         <file>rts430x_lc_ld_eabi.lib</file>
         <name>div16u.obj</name>
      </input_file>
      <input_file id="fl-64">
         <path>C:\ti\ccs1200\ccs\tools\compiler\ti-cgt-msp430_16.9.11.LTS\lib\</path>
         <kind>archive</kind>
         <file>rts430x_lc_ld_eabi.lib</file>
         <name>div32u.obj</name>
      </input_file>
      <input_file id="fl-65">
         <path>C:\ti\ccs1200\ccs\tools\compiler\ti-cgt-msp430_16.9.11.LTS\lib\</path>
         <kind>archive</kind>
         <file>rts430x_lc_ld_eabi.lib</file>
         <name>mult16.obj</name>
      </input_file>
      <input_file id="fl-66">
         <path>C:\ti\ccs1200\ccs\tools\compiler\ti-cgt-msp430_16.9.11.LTS\lib\</path>
         <kind>archive</kind>
         <file>rts430x_lc_ld_eabi.lib</file>
         <name>mult16_f5hw.obj</name>
      </input_file>
      <input_file id="fl-67">
         <path>C:\ti\ccs1200\ccs\tools\compiler\ti-cgt-msp430_16.9.11.LTS\lib\</path>
         <kind>archive</kind>
         <file>rts430x_lc_ld_eabi.lib</file>
         <name>mult32.obj</name>
      </input_file>
      <input_file id="fl-68">
         <path>C:\ti\ccs1200\ccs\tools\compiler\ti-cgt-msp430_16.9.11.LTS\lib\</path>
         <kind>archive</kind>
         <file>rts430x_lc_ld_eabi.lib</file>
         <name>mult32_f5hw.obj</name>
      </input_file>
      <input_file id="fl-69">
         <path>C:\ti\ccs1200\ccs\tools\compiler\ti-cgt-msp430_16.9.11.LTS\lib\</path>
         <kind>archive</kind>
         <file>rts430x_lc_ld_eabi.lib</file>
         <name>mult64_f5hw.obj</name>
      </input_file>
      <input_file id="fl-6a">
         <path>C:\ti\ccs1200\ccs\tools\compiler\ti-cgt-msp430_16.9.11.LTS\lib\</path>
         <kind>archive</kind>
         <file>rts430x_lc_ld_eabi.lib</file>
         <name>mult1632_f5hw.obj</name>
      </input_file>
      <input_file id="fl-6b">
         <path>C:\ti\ccs1200\ccs\tools\compiler\ti-cgt-msp430_16.9.11.LTS\lib\</path>
         <kind>archive</kind>
         <file>rts430x_lc_ld_eabi.lib</file>
         <name>mult3264_f5hw.obj</name>
      </input_file>
      <input_file id="fl-6c">
         <path>C:\ti\ccs1200\ccs\tools\compiler\ti-cgt-msp430_16.9.11.LTS\lib\</path>
         <kind>archive</kind>
         <file>rts430x_lc_ld_eabi.lib</file>
         <name>lsl16.obj</name>
      </input_file>
      <input_file id="fl-6d">
         <path>C:\ti\ccs1200\ccs\tools\compiler\ti-cgt-msp430_16.9.11.LTS\lib\</path>
         <kind>archive</kind>
         <file>rts430x_lc_ld_eabi.lib</file>
         <name>lsr16.obj</name>
      </input_file>
      <input_file id="fl-6e">
         <path>C:\ti\ccs1200\ccs\tools\compiler\ti-cgt-msp430_16.9.11.LTS\lib\</path>
         <kind>archive</kind>
         <file>rts430x_lc_ld_eabi.lib</file>
         <name>boot.obj</name>
      </input_file>
      <input_file id="fl-6f">
         <path>C:\ti\ccs1200\ccs\tools\compiler\ti-cgt-msp430_16.9.11.LTS\lib\</path>
         <kind>archive</kind>
         <file>rts430x_lc_ld_eabi.lib</file>
         <name>args_main.obj</name>
      </input_file>
      <input_file id="fl-70">
         <path>C:\ti\ccs1200\ccs\tools\compiler\ti-cgt-msp430_16.9.11.LTS\lib\</path>
         <kind>archive</kind>
         <file>rts430x_lc_ld_eabi.lib</file>
         <name>autoinit_wdt.obj</name>
      </input_file>
      <input_file id="fl-71">
         <path>C:\ti\ccs1200\ccs\tools\compiler\ti-cgt-msp430_16.9.11.LTS\lib\</path>
         <kind>archive</kind>
         <file>rts430x_lc_ld_eabi.lib</file>
         <name>asr32.obj</name>
      </input_file>
      <input_file id="fl-72">
         <path>C:\ti\ccs1200\ccs\tools\compiler\ti-cgt-msp430_16.9.11.LTS\lib\</path>
         <kind>archive</kind>
         <file>rts430x_lc_ld_eabi.lib</file>
         <name>boot_special.obj</name>
      </input_file>
      <input_file id="fl-73">
         <path>C:\ti\ccs1200\ccs\ccs_base\msp430\lib\FR2xx\</path>
         <kind>archive</kind>
         <file>FRWP_INIT_LIB_CCS_msp430_large_code_large_data.lib</file>
         <name>frwp_init.obj</name>
      </input_file>
      <input_file id="fl-74">
         <path>C:\ti\ccs1200\ccs\tools\compiler\ti-cgt-msp430_16.9.11.LTS\lib\</path>
         <kind>archive</kind>
         <file>rts430x_lc_ld_eabi.lib</file>
         <name>startup.obj</name>
      </input_file>
      <input_file id="fl-75">
         <path>C:\ti\ccs1200\ccs\tools\compiler\ti-cgt-msp430_16.9.11.LTS\lib\</path>
         <kind>archive</kind>
         <file>rts430x_lc_ld_eabi.lib</file>
         <name>exit.obj</name>
      </input_file>
      <input_file id="fl-76">
         <path>C:\ti\ccs1200\ccs\tools\compiler\ti-cgt-msp430_16.9.11.LTS\lib\</path>
         <kind>archive</kind>
         <file>rts430x_lc_ld_eabi.lib</file>
         <name>exit_gvars.obj</name>
      </input_file>
      <input_file id="fl-77">
         <path>C:\ti\ccs1200\ccs\tools\compiler\ti-cgt-msp430_16.9.11.LTS\lib\</path>
         <kind>archive</kind>
         <file>rts430x_lc_ld_eabi.lib</file>
         <name>_lock.obj</name>
      </input_file>
      <input_file id="fl-78">
         <path>C:\ti\ccs1200\ccs\tools\compiler\ti-cgt-msp430_16.9.11.LTS\lib\</path>
         <kind>archive</kind>
         <file>rts430x_lc_ld_eabi.lib</file>
         <name>cpy_tbl.obj</name>
      </input_file>
      <input_file id="fl-79">
         <path>C:\ti\ccs1200\ccs\tools\compiler\ti-cgt-msp430_16.9.11.LTS\lib\</path>
         <kind>archive</kind>
         <file>rts430x_lc_ld_eabi.lib</file>
         <name>memcpy.obj</name>
      </input_file>
      <input_file id="fl-7a">
         <path>C:\ti\ccs1200\ccs\tools\compiler\ti-cgt-msp430_16.9.11.LTS\lib\</path>
         <kind>archive</kind>
         <file>rts430x_lc_ld_eabi.lib</file>
         <name>memset.obj</name>
      </input_file>
      <input_file id="fl-7b">
         <path>C:\ti\ccs1200\ccs\tools\compiler\ti-cgt-msp430_16.9.11.LTS\lib\</path>
         <kind>archive</kind>
         <file>rts430x_lc_ld_eabi.lib</file>
         <name>strcpy.obj</name>
      </input_file>
      <input_file id="fl-7c">
         <path>C:\ti\ccs1200\ccs\tools\compiler\ti-cgt-msp430_16.9.11.LTS\lib\</path>
         <kind>archive</kind>
         <file>rts430x_lc_ld_eabi.lib</file>
         <name>strlen.obj</name>
      </input_file>
   </input_file_list>
   <object_component_list>
      <object_component id="oc-933">
         <name>__TI_handler_table</name>
         <load_address>0x8000</load_address>
         <run_address>0x8000</run_address>
         <size>0xc</size>
      </object_component>
      <object_component id="oc-936">
         <name>.cinit..data.load</name>
         <load_address>0x800c</load_address>
         <run_address>0x800c</run_address>
         <size>0xa</size>
      </object_component>
      <object_component id="oc-935">
         <name>.cinit..bss.load</name>
         <load_address>0x8016</load_address>
         <run_address>0x8016</run_address>
         <size>0x6</size>
      </object_component>
      <object_component id="oc-934">
         <name>__TI_cinit_table</name>
         <load_address>0x801c</load_address>
         <run_address>0x801c</run_address>
         <size>0x10</size>
      </object_component>
      <object_component id="oc-8db">
         <name>.binit</name>
         <load_address>0x802c</load_address>
         <run_address>0x802c</run_address>
         <size>0x0</size>
      </object_component>
      <object_component id="oc-57f">
         <name>.const:GPIO_PORT_TO_BASE</name>
         <load_address>0x802c</load_address>
         <run_address>0x802c</run_address>
         <size>0x1c</size>
         <input_file_ref idref="fl-19"/>
      </object_component>
      <object_component id="oc-6ce">
         <name>.const:.string</name>
         <load_address>0x8048</load_address>
         <run_address>0x8048</run_address>
         <size>0x16</size>
         <input_file_ref idref="fl-b"/>
      </object_component>
      <object_component id="oc-604">
         <name>.const:.string</name>
         <load_address>0x805e</load_address>
         <run_address>0x805e</run_address>
         <size>0x14</size>
         <input_file_ref idref="fl-2"/>
      </object_component>
      <object_component id="oc-7bd">
         <name>.const:.string</name>
         <load_address>0x8072</load_address>
         <run_address>0x8072</run_address>
         <size>0x8</size>
         <input_file_ref idref="fl-c"/>
      </object_component>
      <object_component id="oc-720">
         <name>.const</name>
         <load_address>0x807a</load_address>
         <run_address>0x807a</run_address>
         <size>0x4</size>
         <input_file_ref idref="fl-f"/>
      </object_component>
      <object_component id="oc-6d5">
         <name>.const</name>
         <load_address>0x807e</load_address>
         <run_address>0x807e</run_address>
         <size>0x2</size>
         <input_file_ref idref="fl-b"/>
      </object_component>
      <object_component id="oc-6c1">
         <name>.text:xQueueSemaphoreTake</name>
         <load_address>0x8080</load_address>
         <run_address>0x8080</run_address>
         <size>0x1f4</size>
         <input_file_ref idref="fl-9"/>
      </object_component>
      <object_component id="oc-589">
         <name>.text:xTaskIncrementTick</name>
         <load_address>0x8274</load_address>
         <run_address>0x8274</run_address>
         <size>0x1c4</size>
         <input_file_ref idref="fl-b"/>
      </object_component>
      <object_component id="oc-72c">
         <name>.text:xTaskResumeAll</name>
         <load_address>0x8438</load_address>
         <run_address>0x8438</run_address>
         <size>0x18c</size>
         <input_file_ref idref="fl-b"/>
      </object_component>
      <object_component id="oc-8b9">
         <name>.text:xQueueReceive</name>
         <load_address>0x85c4</load_address>
         <run_address>0x85c4</run_address>
         <size>0x182</size>
         <input_file_ref idref="fl-9"/>
      </object_component>
      <object_component id="oc-687">
         <name>.text:pvPortMalloc</name>
         <load_address>0x8746</load_address>
         <run_address>0x8746</run_address>
         <size>0x16a</size>
         <input_file_ref idref="fl-f"/>
      </object_component>
      <object_component id="oc-867">
         <name>.text:prvProcessReceivedCommands</name>
         <load_address>0x88b0</load_address>
         <run_address>0x88b0</run_address>
         <size>0x15a</size>
         <input_file_ref idref="fl-c"/>
      </object_component>
      <object_component id="oc-572">
         <name>.text:xTaskRemoveFromEventList</name>
         <load_address>0x8a0a</load_address>
         <run_address>0x8a0a</run_address>
         <size>0x14c</size>
         <input_file_ref idref="fl-b"/>
      </object_component>
      <object_component id="oc-6b4">
         <name>.text:prvInitialiseNewTask</name>
         <load_address>0x8b56</load_address>
         <run_address>0x8b56</run_address>
         <size>0xfc</size>
         <input_file_ref idref="fl-b"/>
      </object_component>
      <object_component id="oc-669">
         <name>.text:CS_initClockSignal</name>
         <load_address>0x8c52</load_address>
         <run_address>0x8c52</run_address>
         <size>0xee</size>
         <input_file_ref idref="fl-12"/>
      </object_component>
      <object_component id="oc-797">
         <name>.text:vTaskPriorityDisinheritAfterTimeout</name>
         <load_address>0x8d40</load_address>
         <run_address>0x8d40</run_address>
         <size>0xee</size>
         <input_file_ref idref="fl-b"/>
      </object_component>
      <object_component id="oc-773">
         <name>.text:xTaskPriorityInherit</name>
         <load_address>0x8e2e</load_address>
         <run_address>0x8e2e</run_address>
         <size>0xee</size>
         <input_file_ref idref="fl-b"/>
      </object_component>
      <object_component id="oc-6ba">
         <name>.text:prvAddNewTaskToReadyList</name>
         <load_address>0x8f1c</load_address>
         <run_address>0x8f1c</run_address>
         <size>0xe2</size>
         <input_file_ref idref="fl-b"/>
      </object_component>
      <object_component id="oc-73a">
         <name>.text:xQueueGenericReset</name>
         <load_address>0x8ffe</load_address>
         <run_address>0x8ffe</run_address>
         <size>0xde</size>
         <input_file_ref idref="fl-9"/>
      </object_component>
      <object_component id="oc-58f">
         <name>.text:vTaskSwitchContext</name>
         <load_address>0x90dc</load_address>
         <run_address>0x90dc</run_address>
         <size>0xce</size>
         <input_file_ref idref="fl-b"/>
      </object_component>
      <object_component id="oc-700">
         <name>.text:CS_initFLL</name>
         <load_address>0x91aa</load_address>
         <run_address>0x91aa</run_address>
         <size>0xca</size>
         <input_file_ref idref="fl-12"/>
      </object_component>
      <object_component id="oc-749">
         <name>.text:prvAddCurrentTaskToDelayedList</name>
         <load_address>0x9274</load_address>
         <run_address>0x9274</run_address>
         <size>0xc4</size>
         <input_file_ref idref="fl-b"/>
      </object_component>
      <object_component id="oc-71a">
         <name>.text:prvHeapInit</name>
         <load_address>0x9338</load_address>
         <run_address>0x9338</run_address>
         <size>0xc4</size>
         <input_file_ref idref="fl-f"/>
      </object_component>
      <object_component id="oc-6a1">
         <name>.text:xTaskDelayUntil</name>
         <load_address>0x93fc</load_address>
         <run_address>0x93fc</run_address>
         <size>0xb2</size>
         <input_file_ref idref="fl-b"/>
      </object_component>
      <object_component id="oc-708">
         <name>.text:privateCSComputeCLKFrequency</name>
         <load_address>0x94ae</load_address>
         <run_address>0x94ae</run_address>
         <size>0xb0</size>
         <input_file_ref idref="fl-12"/>
      </object_component>
      <object_component id="oc-496">
         <name>.text:_auto_init_hold_wdt</name>
         <load_address>0x955e</load_address>
         <run_address>0x955e</run_address>
         <size>0xa6</size>
         <input_file_ref idref="fl-70"/>
      </object_component>
      <object_component id="oc-4eb">
         <name>.text</name>
         <load_address>0x9604</load_address>
         <run_address>0x9604</run_address>
         <size>0xa6</size>
         <input_file_ref idref="fl-e"/>
      </object_component>
      <object_component id="oc-78b">
         <name>.text:xTaskCheckForTimeOut</name>
         <load_address>0x96aa</load_address>
         <run_address>0x96aa</run_address>
         <size>0xa4</size>
         <input_file_ref idref="fl-b"/>
      </object_component>
      <object_component id="oc-77f">
         <name>.text:prvUnlockQueue</name>
         <load_address>0x974e</load_address>
         <run_address>0x974e</run_address>
         <size>0xa0</size>
         <input_file_ref idref="fl-9"/>
      </object_component>
      <object_component id="oc-4dd">
         <name>.text:xQueueGiveFromISR</name>
         <load_address>0x97ee</load_address>
         <run_address>0x97ee</run_address>
         <size>0x96</size>
         <input_file_ref idref="fl-9"/>
      </object_component>
      <object_component id="oc-605">
         <name>.text:xTaskCreate</name>
         <load_address>0x9884</load_address>
         <run_address>0x9884</run_address>
         <size>0x96</size>
         <input_file_ref idref="fl-b"/>
      </object_component>
      <object_component id="oc-7ed">
         <name>.text:privateCSSourceClockFromDCO</name>
         <load_address>0x991a</load_address>
         <run_address>0x991a</run_address>
         <size>0x90</size>
         <input_file_ref idref="fl-12"/>
      </object_component>
      <object_component id="oc-7dd">
         <name>.text:privateDCORange</name>
         <load_address>0x99aa</load_address>
         <run_address>0x99aa</run_address>
         <size>0x7c</size>
         <input_file_ref idref="fl-12"/>
      </object_component>
      <object_component id="oc-8ad">
         <name>.text:prvInsertTimerInActiveList</name>
         <load_address>0x9a26</load_address>
         <run_address>0x9a26</run_address>
         <size>0x7a</size>
         <input_file_ref idref="fl-c"/>
      </object_component>
      <object_component id="oc-861">
         <name>.text:prvProcessTimerOrBlockTask</name>
         <load_address>0x9aa0</load_address>
         <run_address>0x9aa0</run_address>
         <size>0x7a</size>
         <input_file_ref idref="fl-c"/>
      </object_component>
      <object_component id="oc-536">
         <name>.text:main_defer_interrupt</name>
         <load_address>0x9b1a</load_address>
         <run_address>0x9b1a</run_address>
         <size>0x78</size>
         <input_file_ref idref="fl-2"/>
      </object_component>
      <object_component id="oc-66">
         <name>.text:decompress:lzss:__TI_decompress_lzss</name>
         <load_address>0x9b92</load_address>
         <run_address>0x9b92</run_address>
         <size>0x76</size>
         <input_file_ref idref="fl-47"/>
      </object_component>
      <object_component id="oc-5df">
         <name>.text:GPIO_setAsPeripheralModuleFunctionInputPin</name>
         <load_address>0x9c08</load_address>
         <run_address>0x9c08</run_address>
         <size>0x72</size>
         <input_file_ref idref="fl-19"/>
      </object_component>
      <object_component id="oc-726">
         <name>.text:prvInsertBlockIntoFreeList</name>
         <load_address>0x9c7a</load_address>
         <run_address>0x9c7a</run_address>
         <size>0x72</size>
         <input_file_ref idref="fl-f"/>
      </object_component>
      <object_component id="oc-5f2">
         <name>.text:xQueueGenericCreate</name>
         <load_address>0x9cec</load_address>
         <run_address>0x9cec</run_address>
         <size>0x6e</size>
         <input_file_ref idref="fl-9"/>
      </object_component>
      <object_component id="oc-6a8">
         <name>.text:vPortFree</name>
         <load_address>0x9d5a</load_address>
         <run_address>0x9d5a</run_address>
         <size>0x6c</size>
         <input_file_ref idref="fl-f"/>
      </object_component>
      <object_component id="oc-8c7">
         <name>.text:vTaskPlaceOnEventListRestricted</name>
         <load_address>0x9dc6</load_address>
         <run_address>0x9dc6</run_address>
         <size>0x6c</size>
         <input_file_ref idref="fl-b"/>
      </object_component>
      <object_component id="oc-4ff">
         <name>.text:copy_in</name>
         <load_address>0x9e32</load_address>
         <run_address>0x9e32</run_address>
         <size>0x66</size>
         <input_file_ref idref="fl-78"/>
      </object_component>
      <object_component id="oc-530">
         <name>.text:prvSetup</name>
         <load_address>0x9e98</load_address>
         <run_address>0x9e98</run_address>
         <size>0x66</size>
         <input_file_ref idref="fl-3"/>
      </object_component>
      <object_component id="oc-760">
         <name>.text:prvInitialiseTaskLists</name>
         <load_address>0x9efe</load_address>
         <run_address>0x9efe</run_address>
         <size>0x62</size>
         <input_file_ref idref="fl-b"/>
      </object_component>
      <object_component id="oc-611">
         <name>.text:vTaskStartScheduler</name>
         <load_address>0x9f60</load_address>
         <run_address>0x9f60</run_address>
         <size>0x62</size>
         <input_file_ref idref="fl-b"/>
      </object_component>
      <object_component id="oc-69b">
         <name>.text:CPU_work</name>
         <load_address>0x9fc2</load_address>
         <run_address>0x9fc2</run_address>
         <size>0x5c</size>
         <input_file_ref idref="fl-2"/>
      </object_component>
      <object_component id="oc-7ab">
         <name>.text:prvCheckForValidListAndQueue</name>
         <load_address>0xa01e</load_address>
         <run_address>0xa01e</run_address>
         <size>0x5a</size>
         <input_file_ref idref="fl-c"/>
      </object_component>
      <object_component id="oc-682">
         <name>.text</name>
         <load_address>0xa078</load_address>
         <run_address>0xa078</run_address>
         <size>0x58</size>
         <input_file_ref idref="fl-64"/>
      </object_component>
      <object_component id="oc-81c">
         <name>.text:vListInsert</name>
         <load_address>0xa0d0</load_address>
         <run_address>0xa0d0</run_address>
         <size>0x54</size>
         <input_file_ref idref="fl-8"/>
      </object_component>
      <object_component id="oc-8b3">
         <name>.text:prvReloadTimer</name>
         <load_address>0xa124</load_address>
         <run_address>0xa124</run_address>
         <size>0x52</size>
         <input_file_ref idref="fl-c"/>
      </object_component>
      <object_component id="oc-7a4">
         <name>.text:prvCheckTasksWaitingTermination</name>
         <load_address>0xa176</load_address>
         <run_address>0xa176</run_address>
         <size>0x50</size>
         <input_file_ref idref="fl-b"/>
      </object_component>
      <object_component id="oc-8a0">
         <name>.text:vQueueWaitForMessageRestricted</name>
         <load_address>0xa1c6</load_address>
         <run_address>0xa1c6</run_address>
         <size>0x4e</size>
         <input_file_ref idref="fl-9"/>
      </object_component>
      <object_component id="oc-8a6">
         <name>.text:prvProcessExpiredTimer</name>
         <load_address>0xa214</load_address>
         <run_address>0xa214</run_address>
         <size>0x4c</size>
         <input_file_ref idref="fl-c"/>
      </object_component>
      <object_component id="oc-6cf">
         <name>.text:xTimerCreateTimerTask</name>
         <load_address>0xa260</load_address>
         <run_address>0xa260</run_address>
         <size>0x4c</size>
         <input_file_ref idref="fl-c"/>
      </object_component>
      <object_component id="oc-5eb">
         <name>.text:clockSetup</name>
         <load_address>0xa2ac</load_address>
         <run_address>0xa2ac</run_address>
         <size>0x42</size>
         <input_file_ref idref="fl-3"/>
      </object_component>
      <object_component id="oc-5d9">
         <name>.text:GPIO_setAsInputPin</name>
         <load_address>0xa2ee</load_address>
         <run_address>0xa2ee</run_address>
         <size>0x40</size>
         <input_file_ref idref="fl-19"/>
      </object_component>
      <object_component id="oc-7e8">
         <name>.text</name>
         <load_address>0xa32e</load_address>
         <run_address>0xa32e</run_address>
         <size>0x40</size>
         <input_file_ref idref="fl-62"/>
      </object_component>
      <object_component id="oc-505">
         <name>.text:l_asr_const</name>
         <load_address>0xa36e</load_address>
         <run_address>0xa36e</run_address>
         <size>0x3e</size>
         <input_file_ref idref="fl-71"/>
      </object_component>
      <object_component id="oc-4a9">
         <name>.text:__mpu_init</name>
         <load_address>0xa3ac</load_address>
         <run_address>0xa3ac</run_address>
         <size>0x3c</size>
         <input_file_ref idref="fl-73"/>
      </object_component>
      <object_component id="oc-816">
         <name>.text:uxListRemove</name>
         <load_address>0xa3e8</load_address>
         <run_address>0xa3e8</run_address>
         <size>0x3a</size>
         <input_file_ref idref="fl-8"/>
      </object_component>
      <object_component id="oc-89e">
         <name>.text:prvSampleTimeNow</name>
         <load_address>0xa422</load_address>
         <run_address>0xa422</run_address>
         <size>0x38</size>
         <input_file_ref idref="fl-c"/>
      </object_component>
      <object_component id="oc-66f">
         <name>.text:CS_initFLLSettle</name>
         <load_address>0xa45a</load_address>
         <run_address>0xa45a</run_address>
         <size>0x36</size>
         <input_file_ref idref="fl-12"/>
      </object_component>
      <object_component id="oc-5cd">
         <name>.text:GPIO_setAsOutputPin</name>
         <load_address>0xa490</load_address>
         <run_address>0xa490</run_address>
         <size>0x34</size>
         <input_file_ref idref="fl-19"/>
      </object_component>
      <object_component id="oc-8d1">
         <name>.text:prvCopyDataFromQueue</name>
         <load_address>0xa4c4</load_address>
         <run_address>0xa4c4</run_address>
         <size>0x34</size>
         <input_file_ref idref="fl-9"/>
      </object_component>
      <object_component id="oc-595">
         <name>.text:vApplicationSetupTimerInterrupt</name>
         <load_address>0xa4f8</load_address>
         <run_address>0xa4f8</run_address>
         <size>0x30</size>
         <input_file_ref idref="fl-3"/>
      </object_component>
      <object_component id="oc-779">
         <name>.text:vTaskPlaceOnEventList</name>
         <load_address>0xa528</load_address>
         <run_address>0xa528</run_address>
         <size>0x30</size>
         <input_file_ref idref="fl-b"/>
      </object_component>
      <object_component id="oc-85b">
         <name>.text:prvGetNextExpireTime</name>
         <load_address>0xa558</load_address>
         <run_address>0xa558</run_address>
         <size>0x2e</size>
         <input_file_ref idref="fl-c"/>
      </object_component>
      <object_component id="oc-5fe">
         <name>.text:mainTask</name>
         <load_address>0xa586</load_address>
         <run_address>0xa586</run_address>
         <size>0x2c</size>
         <input_file_ref idref="fl-2"/>
      </object_component>
      <object_component id="oc-76d">
         <name>.text:prvIsQueueEmpty</name>
         <load_address>0xa5b2</load_address>
         <run_address>0xa5b2</run_address>
         <size>0x2c</size>
         <input_file_ref idref="fl-9"/>
      </object_component>
      <object_component id="oc-8c1">
         <name>.text:prvSwitchTimerLists</name>
         <load_address>0xa5de</load_address>
         <run_address>0xa5de</run_address>
         <size>0x2c</size>
         <input_file_ref idref="fl-c"/>
      </object_component>
      <object_component id="oc-7e3">
         <name>.text</name>
         <load_address>0xa60a</load_address>
         <run_address>0xa60a</run_address>
         <size>0x2c</size>
         <input_file_ref idref="fl-61"/>
      </object_component>
      <object_component id="oc-80e">
         <name>.text:vListInitialise</name>
         <load_address>0xa636</load_address>
         <run_address>0xa636</run_address>
         <size>0x2c</size>
         <input_file_ref idref="fl-8"/>
      </object_component>
      <object_component id="oc-46b">
         <name>.text:memcpy</name>
         <load_address>0xa662</load_address>
         <run_address>0xa662</run_address>
         <size>0x2a</size>
         <input_file_ref idref="fl-79"/>
      </object_component>
      <object_component id="oc-68d">
         <name>.text:prvInitialiseNewQueue</name>
         <load_address>0xa68c</load_address>
         <run_address>0xa68c</run_address>
         <size>0x2a</size>
         <input_file_ref idref="fl-9"/>
      </object_component>
      <object_component id="oc-642">
         <name>.text:prvResetNextTaskUnblockTime</name>
         <load_address>0xa6b6</load_address>
         <run_address>0xa6b6</run_address>
         <size>0x28</size>
         <input_file_ref idref="fl-b"/>
      </object_component>
      <object_component id="oc-695">
         <name>.text:xTaskGetTickCount</name>
         <load_address>0xa6de</load_address>
         <run_address>0xa6de</run_address>
         <size>0x28</size>
         <input_file_ref idref="fl-b"/>
      </object_component>
      <object_component id="oc-8a">
         <name>.text:decompress:ZI:__TI_zero_init</name>
         <load_address>0xa706</load_address>
         <run_address>0xa706</run_address>
         <size>0x24</size>
         <input_file_ref idref="fl-60"/>
      </object_component>
      <object_component id="oc-60b">
         <name>.text:deferTask</name>
         <load_address>0xa72a</load_address>
         <run_address>0xa72a</run_address>
         <size>0x24</size>
         <input_file_ref idref="fl-2"/>
      </object_component>
      <object_component id="oc-759">
         <name>.text:pxPortInitialiseStack</name>
         <load_address>0xa74e</load_address>
         <run_address>0xa74e</run_address>
         <size>0x24</size>
         <input_file_ref idref="fl-d"/>
      </object_component>
      <object_component id="oc-874">
         <name>.text</name>
         <load_address>0xa772</load_address>
         <run_address>0xa772</run_address>
         <size>0x24</size>
         <input_file_ref idref="fl-68"/>
      </object_component>
      <object_component id="oc-6ae">
         <name>.text:memset</name>
         <load_address>0xa796</load_address>
         <run_address>0xa796</run_address>
         <size>0x20</size>
         <input_file_ref idref="fl-7a"/>
      </object_component>
      <object_component id="oc-4e3">
         <name>.text:GPIO_clearInterrupt</name>
         <load_address>0xa7b6</load_address>
         <run_address>0xa7b6</run_address>
         <size>0x1e</size>
         <input_file_ref idref="fl-19"/>
      </object_component>
      <object_component id="oc-5f8">
         <name>.text:GPIO_enableInterrupt</name>
         <load_address>0xa7d4</load_address>
         <run_address>0xa7d4</run_address>
         <size>0x1e</size>
         <input_file_ref idref="fl-19"/>
      </object_component>
      <object_component id="oc-5d3">
         <name>.text:GPIO_setOutputLowOnPin</name>
         <load_address>0xa7f2</load_address>
         <run_address>0xa7f2</run_address>
         <size>0x1c</size>
         <input_file_ref idref="fl-19"/>
      </object_component>
      <object_component id="oc-742">
         <name>.text:GPIO_toggleOutputOnPin</name>
         <load_address>0xa80e</load_address>
         <run_address>0xa80e</run_address>
         <size>0x1c</size>
         <input_file_ref idref="fl-19"/>
      </object_component>
      <object_component id="oc-79d">
         <name>.text:pvTaskIncrementMutexHeldCount</name>
         <load_address>0xa82a</load_address>
         <run_address>0xa82a</run_address>
         <size>0x1c</size>
         <input_file_ref idref="fl-b"/>
      </object_component>
      <object_component id="oc-67b">
         <name>.text:CS_getSMCLK</name>
         <load_address>0xa846</load_address>
         <run_address>0xa846</run_address>
         <size>0x1a</size>
         <input_file_ref idref="fl-12"/>
      </object_component>
      <object_component id="oc-675">
         <name>.text:CS_getMCLK</name>
         <load_address>0xa860</load_address>
         <run_address>0xa860</run_address>
         <size>0x18</size>
         <input_file_ref idref="fl-12"/>
      </object_component>
      <object_component id="oc-59d">
         <name>.text</name>
         <load_address>0xa878</load_address>
         <run_address>0xa878</run_address>
         <size>0x18</size>
         <input_file_ref idref="fl-66"/>
      </object_component>
      <object_component id="oc-767">
         <name>.text:xTaskGetSchedulerState</name>
         <load_address>0xa890</load_address>
         <run_address>0xa890</run_address>
         <size>0x18</size>
         <input_file_ref idref="fl-b"/>
      </object_component>
      <object_component id="oc-4f3">
         <name>.text:WDT_A_hold</name>
         <load_address>0xa8a8</load_address>
         <run_address>0xa8a8</run_address>
         <size>0x16</size>
         <input_file_ref idref="fl-26"/>
      </object_component>
      <object_component id="oc-6c">
         <name>.text:decompress:none:__TI_decompress_none</name>
         <load_address>0xa8be</load_address>
         <run_address>0xa8be</run_address>
         <size>0x16</size>
         <input_file_ref idref="fl-48"/>
      </object_component>
      <object_component id="oc-845">
         <name>.text:prvDeleteTCB</name>
         <load_address>0xa8d4</load_address>
         <run_address>0xa8d4</run_address>
         <size>0x16</size>
         <input_file_ref idref="fl-b"/>
      </object_component>
      <object_component id="oc-791">
         <name>.text:prvGetDisinheritPriorityAfterTimeout</name>
         <load_address>0xa8ea</load_address>
         <run_address>0xa8ea</run_address>
         <size>0x16</size>
         <input_file_ref idref="fl-9"/>
      </object_component>
      <object_component id="oc-7b7">
         <name>.text:prvTimerTask</name>
         <load_address>0xa900</load_address>
         <run_address>0xa900</run_address>
         <size>0x16</size>
         <input_file_ref idref="fl-c"/>
      </object_component>
      <object_component id="oc-650">
         <name>.text</name>
         <load_address>0xa916</load_address>
         <run_address>0xa916</run_address>
         <size>0x16</size>
         <input_file_ref idref="fl-63"/>
      </object_component>
      <object_component id="oc-785">
         <name>.text:vTaskInternalSetTimeOutState</name>
         <load_address>0xa92c</load_address>
         <run_address>0xa92c</run_address>
         <size>0x14</size>
         <input_file_ref idref="fl-b"/>
      </object_component>
      <object_component id="oc-6c8">
         <name>.text:prvIdleTask</name>
         <load_address>0xa940</load_address>
         <run_address>0xa940</run_address>
         <size>0x12</size>
         <input_file_ref idref="fl-b"/>
      </object_component>
      <object_component id="oc-490">
         <name>.text:_system_pre_init</name>
         <load_address>0xa952</load_address>
         <run_address>0xa952</run_address>
         <size>0xc</size>
         <input_file_ref idref="fl-3"/>
      </object_component>
      <object_component id="oc-4b0">
         <name>.text:main</name>
         <load_address>0xa95e</load_address>
         <run_address>0xa95e</run_address>
         <size>0xc</size>
         <input_file_ref idref="fl-3"/>
      </object_component>
      <object_component id="oc-7d5">
         <name>.text</name>
         <load_address>0xa96a</load_address>
         <run_address>0xa96a</run_address>
         <size>0xa</size>
         <input_file_ref idref="fl-6c"/>
      </object_component>
      <object_component id="oc-732">
         <name>.text:vApplicationMallocFailedHook</name>
         <load_address>0xa974</load_address>
         <run_address>0xa974</run_address>
         <size>0xa</size>
         <input_file_ref idref="fl-3"/>
      </object_component>
      <object_component id="oc-649">
         <name>.text:vApplicationStackOverflowHook</name>
         <load_address>0xa97e</load_address>
         <run_address>0xa97e</run_address>
         <size>0xa</size>
         <input_file_ref idref="fl-3"/>
      </object_component>
      <object_component id="oc-753">
         <name>.text:vListInitialiseItem</name>
         <load_address>0xa988</load_address>
         <run_address>0xa988</run_address>
         <size>0x8</size>
         <input_file_ref idref="fl-8"/>
      </object_component>
      <object_component id="oc-5e5">
         <name>.text:PMM_unlockLPM5</name>
         <load_address>0xa990</load_address>
         <run_address>0xa990</run_address>
         <size>0x6</size>
         <input_file_ref idref="fl-1d"/>
      </object_component>
      <object_component id="oc-4b8">
         <name>.text:abort</name>
         <load_address>0xa996</load_address>
         <run_address>0xa996</run_address>
         <size>0x6</size>
         <input_file_ref idref="fl-75"/>
      </object_component>
      <object_component id="oc-56c">
         <name>.text:uxTaskGetNumberOfTasks</name>
         <load_address>0xa99c</load_address>
         <run_address>0xa99c</run_address>
         <size>0x6</size>
         <input_file_ref idref="fl-b"/>
      </object_component>
      <object_component id="oc-839">
         <name>.text:vTaskMissedYield</name>
         <load_address>0xa9a2</load_address>
         <run_address>0xa9a2</run_address>
         <size>0x6</size>
         <input_file_ref idref="fl-b"/>
      </object_component>
      <object_component id="oc-711">
         <name>.text:vTaskSuspendAll</name>
         <load_address>0xa9a8</load_address>
         <run_address>0xa9a8</run_address>
         <size>0x6</size>
         <input_file_ref idref="fl-b"/>
      </object_component>
      <object_component id="oc-50a">
         <name>.text:_system_post_cinit</name>
         <load_address>0xa9ae</load_address>
         <run_address>0xa9ae</run_address>
         <size>0x2</size>
         <input_file_ref idref="fl-74"/>
      </object_component>
      <object_component id="oc-ae">
         <name>.text:_isr:_c_int00_noargs_noexit_mpu</name>
         <load_address>0xa9b0</load_address>
         <run_address>0xa9b0</run_address>
         <size>0x1e</size>
         <input_file_ref idref="fl-72"/>
      </object_component>
      <object_component id="oc-478">
         <name>.text:_isr:Port_4</name>
         <load_address>0xa9ce</load_address>
         <run_address>0xa9ce</run_address>
         <size>0x18</size>
         <input_file_ref idref="fl-2"/>
      </object_component>
      <object_component id="oc-483">
         <name>.text:_isr:vTickISREntry</name>
         <load_address>0xa9e6</load_address>
         <run_address>0xa9e6</run_address>
         <size>0x10</size>
         <input_file_ref idref="fl-d"/>
      </object_component>
      <object_component id="oc-47e">
         <name>.text:_isr:__TI_ISR_TRAP</name>
         <load_address>0xa9f6</load_address>
         <run_address>0xa9f6</run_address>
         <size>0x8</size>
         <input_file_ref idref="fl-4a"/>
      </object_component>
      <object_component id="oc-619">
         <name>.bss:pxReadyTasksLists</name>
         <uninitialized>true</uninitialized>
         <run_address>0x2c00</run_address>
         <size>0x5a</size>
         <input_file_ref idref="fl-b"/>
      </object_component>
      <object_component id="oc-82b">
         <name>.bss:xDelayedTaskList1</name>
         <uninitialized>true</uninitialized>
         <run_address>0x2c7e</run_address>
         <size>0x12</size>
         <input_file_ref idref="fl-b"/>
      </object_component>
      <object_component id="oc-82e">
         <name>.bss:xDelayedTaskList2</name>
         <uninitialized>true</uninitialized>
         <run_address>0x2c90</run_address>
         <size>0x12</size>
         <input_file_ref idref="fl-b"/>
      </object_component>
      <object_component id="oc-63f">
         <name>.bss</name>
         <uninitialized>true</uninitialized>
         <run_address>0x2cd8</run_address>
         <size>0x8</size>
         <input_file_ref idref="fl-b"/>
      </object_component>
      <object_component id="oc-61c">
         <name>.bss:xPendingReadyList</name>
         <uninitialized>true</uninitialized>
         <run_address>0x2ca2</run_address>
         <size>0x12</size>
         <input_file_ref idref="fl-b"/>
      </object_component>
      <object_component id="oc-831">
         <name>.bss:xTasksWaitingTermination</name>
         <uninitialized>true</uninitialized>
         <run_address>0x2cc6</run_address>
         <size>0x12</size>
         <input_file_ref idref="fl-b"/>
      </object_component>
      <object_component id="oc-822">
         <name>.bss:xSuspendedTaskList</name>
         <uninitialized>true</uninitialized>
         <run_address>0x2cb4</run_address>
         <size>0x12</size>
         <input_file_ref idref="fl-b"/>
      </object_component>
      <object_component id="oc-84c">
         <name>.bss:xActiveTimerList1</name>
         <uninitialized>true</uninitialized>
         <run_address>0x2c5a</run_address>
         <size>0x12</size>
         <input_file_ref idref="fl-c"/>
      </object_component>
      <object_component id="oc-84f">
         <name>.bss:xActiveTimerList2</name>
         <uninitialized>true</uninitialized>
         <run_address>0x2c6c</run_address>
         <size>0x12</size>
         <input_file_ref idref="fl-c"/>
      </object_component>
      <object_component id="oc-852">
         <name>.bss</name>
         <uninitialized>true</uninitialized>
         <run_address>0x2ce0</run_address>
         <size>0x8</size>
         <input_file_ref idref="fl-c"/>
      </object_component>
      <object_component id="oc-7f7">
         <name>.bss:ucHeap</name>
         <uninitialized>true</uninitialized>
         <run_address>0x2000</run_address>
         <size>0xc00</size>
         <input_file_ref idref="fl-f"/>
      </object_component>
      <object_component id="oc-723">
         <name>.bss:xStart</name>
         <uninitialized>true</uninitialized>
         <run_address>0x2ce8</run_address>
         <size>0x8</size>
         <input_file_ref idref="fl-f"/>
      </object_component>
      <object_component id="oc-4da">
         <name>.common:xISRSemaphore</name>
         <uninitialized>true</uninitialized>
         <run_address>0x2cf0</run_address>
         <size>0x4</size>
      </object_component>
      <object_component id="oc-586">
         <name>.data</name>
         <load_address>0x2cf4</load_address>
         <run_address>0x2cf4</run_address>
         <size>0x24</size>
         <input_file_ref idref="fl-b"/>
      </object_component>
      <object_component id="oc-7b1">
         <name>.data</name>
         <load_address>0x2d2c</load_address>
         <run_address>0x2d2c</run_address>
         <size>0xc</size>
         <input_file_ref idref="fl-c"/>
      </object_component>
      <object_component id="oc-583">
         <name>.data</name>
         <load_address>0x2d3c</load_address>
         <run_address>0x2d3c</run_address>
         <size>0x2</size>
         <input_file_ref idref="fl-d"/>
      </object_component>
      <object_component id="oc-717">
         <name>.data</name>
         <load_address>0x2d18</load_address>
         <run_address>0x2d18</run_address>
         <size>0x14</size>
         <input_file_ref idref="fl-f"/>
      </object_component>
      <object_component id="oc-7da">
         <name>.data</name>
         <load_address>0x2d38</load_address>
         <run_address>0x2d38</run_address>
         <size>0x4</size>
         <input_file_ref idref="fl-12"/>
      </object_component>
      <object_component id="oc-45c">
         <name>.stack</name>
         <uninitialized>true</uninitialized>
         <run_address>0x2f60</run_address>
         <size>0x4</size>
         <input_file_ref idref="fl-6e"/>
      </object_component>
      <object_component id="oc-937">
         <name>.stack</name>
         <uninitialized>true</uninitialized>
         <run_address>0x2f60</run_address>
         <size>0x0</size>
      </object_component>
      <object_component id="oc-72">
         <name>.int22</name>
         <load_address>0xffce</load_address>
         <run_address>0xffce</run_address>
         <size>0x2</size>
         <input_file_ref idref="fl-2"/>
      </object_component>
      <object_component id="oc-73">
         <name>.int23</name>
         <load_address>0xffd0</load_address>
         <run_address>0xffd0</run_address>
         <size>0x2</size>
         <input_file_ref idref="fl-49"/>
      </object_component>
      <object_component id="oc-74">
         <name>.int24</name>
         <load_address>0xffd2</load_address>
         <run_address>0xffd2</run_address>
         <size>0x2</size>
         <input_file_ref idref="fl-4b"/>
      </object_component>
      <object_component id="oc-75">
         <name>.int25</name>
         <load_address>0xffd4</load_address>
         <run_address>0xffd4</run_address>
         <size>0x2</size>
         <input_file_ref idref="fl-4c"/>
      </object_component>
      <object_component id="oc-76">
         <name>.int26</name>
         <load_address>0xffd6</load_address>
         <run_address>0xffd6</run_address>
         <size>0x2</size>
         <input_file_ref idref="fl-4d"/>
      </object_component>
      <object_component id="oc-77">
         <name>.int27</name>
         <load_address>0xffd8</load_address>
         <run_address>0xffd8</run_address>
         <size>0x2</size>
         <input_file_ref idref="fl-4e"/>
      </object_component>
      <object_component id="oc-78">
         <name>.int28</name>
         <load_address>0xffda</load_address>
         <run_address>0xffda</run_address>
         <size>0x2</size>
         <input_file_ref idref="fl-4f"/>
      </object_component>
      <object_component id="oc-79">
         <name>.int29</name>
         <load_address>0xffdc</load_address>
         <run_address>0xffdc</run_address>
         <size>0x2</size>
         <input_file_ref idref="fl-50"/>
      </object_component>
      <object_component id="oc-7a">
         <name>.int30</name>
         <load_address>0xffde</load_address>
         <run_address>0xffde</run_address>
         <size>0x2</size>
         <input_file_ref idref="fl-51"/>
      </object_component>
      <object_component id="oc-7b">
         <name>.int31</name>
         <load_address>0xffe0</load_address>
         <run_address>0xffe0</run_address>
         <size>0x2</size>
         <input_file_ref idref="fl-52"/>
      </object_component>
      <object_component id="oc-7c">
         <name>.int32</name>
         <load_address>0xffe2</load_address>
         <run_address>0xffe2</run_address>
         <size>0x2</size>
         <input_file_ref idref="fl-53"/>
      </object_component>
      <object_component id="oc-7d">
         <name>.int33</name>
         <load_address>0xffe4</load_address>
         <run_address>0xffe4</run_address>
         <size>0x2</size>
         <input_file_ref idref="fl-54"/>
      </object_component>
      <object_component id="oc-7e">
         <name>.int34</name>
         <load_address>0xffe6</load_address>
         <run_address>0xffe6</run_address>
         <size>0x2</size>
         <input_file_ref idref="fl-55"/>
      </object_component>
      <object_component id="oc-7f">
         <name>.int35</name>
         <load_address>0xffe8</load_address>
         <run_address>0xffe8</run_address>
         <size>0x2</size>
         <input_file_ref idref="fl-56"/>
      </object_component>
      <object_component id="oc-80">
         <name>.int36</name>
         <load_address>0xffea</load_address>
         <run_address>0xffea</run_address>
         <size>0x2</size>
         <input_file_ref idref="fl-57"/>
      </object_component>
      <object_component id="oc-81">
         <name>.int37</name>
         <load_address>0xffec</load_address>
         <run_address>0xffec</run_address>
         <size>0x2</size>
         <input_file_ref idref="fl-58"/>
      </object_component>
      <object_component id="oc-82">
         <name>.int38</name>
         <load_address>0xffee</load_address>
         <run_address>0xffee</run_address>
         <size>0x2</size>
         <input_file_ref idref="fl-59"/>
      </object_component>
      <object_component id="oc-83">
         <name>.int39</name>
         <load_address>0xfff0</load_address>
         <run_address>0xfff0</run_address>
         <size>0x2</size>
         <input_file_ref idref="fl-5a"/>
      </object_component>
      <object_component id="oc-84">
         <name>.int40</name>
         <load_address>0xfff2</load_address>
         <run_address>0xfff2</run_address>
         <size>0x2</size>
         <input_file_ref idref="fl-5b"/>
      </object_component>
      <object_component id="oc-85">
         <name>.int41</name>
         <load_address>0xfff4</load_address>
         <run_address>0xfff4</run_address>
         <size>0x2</size>
         <input_file_ref idref="fl-5c"/>
      </object_component>
      <object_component id="oc-86">
         <name>.int42</name>
         <load_address>0xfff6</load_address>
         <run_address>0xfff6</run_address>
         <size>0x2</size>
         <input_file_ref idref="fl-5d"/>
      </object_component>
      <object_component id="oc-87">
         <name>.int43</name>
         <load_address>0xfff8</load_address>
         <run_address>0xfff8</run_address>
         <size>0x2</size>
         <input_file_ref idref="fl-d"/>
      </object_component>
      <object_component id="oc-88">
         <name>.int44</name>
         <load_address>0xfffa</load_address>
         <run_address>0xfffa</run_address>
         <size>0x2</size>
         <input_file_ref idref="fl-5e"/>
      </object_component>
      <object_component id="oc-89">
         <name>.int45</name>
         <load_address>0xfffc</load_address>
         <run_address>0xfffc</run_address>
         <size>0x2</size>
         <input_file_ref idref="fl-5f"/>
      </object_component>
      <object_component id="oc-45f">
         <name>.reset</name>
         <load_address>0xfffe</load_address>
         <run_address>0xfffe</run_address>
         <size>0x2</size>
         <input_file_ref idref="fl-6e"/>
      </object_component>
      <object_component id="oc-4db">
         <name>.debug_info</name>
         <load_address>0x0</load_address>
         <run_address>0x0</run_address>
         <size>0x5b7</size>
         <input_file_ref idref="fl-2"/>
      </object_component>
      <object_component id="oc-537">
         <name>.debug_info</name>
         <load_address>0x5b7</load_address>
         <run_address>0x5b7</run_address>
         <size>0x1c4</size>
         <input_file_ref idref="fl-2"/>
      </object_component>
      <object_component id="oc-5ff">
         <name>.debug_info</name>
         <load_address>0x77b</load_address>
         <run_address>0x77b</run_address>
         <size>0x198</size>
         <input_file_ref idref="fl-2"/>
      </object_component>
      <object_component id="oc-479">
         <name>.debug_info</name>
         <load_address>0x913</load_address>
         <run_address>0x913</run_address>
         <size>0x154</size>
         <input_file_ref idref="fl-2"/>
      </object_component>
      <object_component id="oc-60c">
         <name>.debug_info</name>
         <load_address>0xa67</load_address>
         <run_address>0xa67</run_address>
         <size>0x162</size>
         <input_file_ref idref="fl-2"/>
      </object_component>
      <object_component id="oc-69c">
         <name>.debug_info</name>
         <load_address>0xbc9</load_address>
         <run_address>0xbc9</run_address>
         <size>0x1c7</size>
         <input_file_ref idref="fl-2"/>
      </object_component>
      <object_component id="oc-553">
         <name>.debug_info</name>
         <load_address>0xd90</load_address>
         <run_address>0xd90</run_address>
         <size>0x315</size>
         <input_file_ref idref="fl-2"/>
      </object_component>
      <object_component id="oc-55d">
         <name>.debug_info</name>
         <load_address>0x10a5</load_address>
         <run_address>0x10a5</run_address>
         <size>0x461</size>
         <input_file_ref idref="fl-2"/>
      </object_component>
      <object_component id="oc-7d0">
         <name>.debug_info</name>
         <load_address>0x1506</load_address>
         <run_address>0x1506</run_address>
         <size>0x76</size>
         <input_file_ref idref="fl-2"/>
      </object_component>
      <object_component id="oc-6f5">
         <name>.debug_info</name>
         <load_address>0x157c</load_address>
         <run_address>0x157c</run_address>
         <size>0x174</size>
         <input_file_ref idref="fl-2"/>
      </object_component>
      <object_component id="oc-6fa">
         <name>.debug_info</name>
         <load_address>0x16f0</load_address>
         <run_address>0x16f0</run_address>
         <size>0x174</size>
         <input_file_ref idref="fl-2"/>
      </object_component>
      <object_component id="oc-544">
         <name>.debug_info</name>
         <load_address>0x1864</load_address>
         <run_address>0x1864</run_address>
         <size>0x4f</size>
         <input_file_ref idref="fl-2"/>
      </object_component>
      <object_component id="oc-562">
         <name>.debug_info</name>
         <load_address>0x18b3</load_address>
         <run_address>0x18b3</run_address>
         <size>0x2c</size>
         <input_file_ref idref="fl-2"/>
      </object_component>
      <object_component id="oc-4fa">
         <name>.debug_info</name>
         <load_address>0x18df</load_address>
         <run_address>0x18df</run_address>
         <size>0x8b</size>
         <input_file_ref idref="fl-2"/>
      </object_component>
      <object_component id="oc-567">
         <name>.debug_info</name>
         <load_address>0x196a</load_address>
         <run_address>0x196a</run_address>
         <size>0x2c</size>
         <input_file_ref idref="fl-2"/>
      </object_component>
      <object_component id="oc-52b">
         <name>.debug_info</name>
         <load_address>0x1996</load_address>
         <run_address>0x1996</run_address>
         <size>0x18b</size>
         <input_file_ref idref="fl-2"/>
      </object_component>
      <object_component id="oc-549">
         <name>.debug_info</name>
         <load_address>0x1b21</load_address>
         <run_address>0x1b21</run_address>
         <size>0x53</size>
         <input_file_ref idref="fl-2"/>
      </object_component>
      <object_component id="oc-54e">
         <name>.debug_info</name>
         <load_address>0x1b74</load_address>
         <run_address>0x1b74</run_address>
         <size>0x46</size>
         <input_file_ref idref="fl-2"/>
      </object_component>
      <object_component id="oc-558">
         <name>.debug_info</name>
         <load_address>0x1bba</load_address>
         <run_address>0x1bba</run_address>
         <size>0x14c</size>
         <input_file_ref idref="fl-2"/>
      </object_component>
      <object_component id="oc-656">
         <name>.debug_info</name>
         <load_address>0x1d06</load_address>
         <run_address>0x1d06</run_address>
         <size>0x753</size>
         <input_file_ref idref="fl-3"/>
      </object_component>
      <object_component id="oc-4b1">
         <name>.debug_info</name>
         <load_address>0x2459</load_address>
         <run_address>0x2459</run_address>
         <size>0x121</size>
         <input_file_ref idref="fl-3"/>
      </object_component>
      <object_component id="oc-733">
         <name>.debug_info</name>
         <load_address>0x257a</load_address>
         <run_address>0x257a</run_address>
         <size>0x118</size>
         <input_file_ref idref="fl-3"/>
      </object_component>
      <object_component id="oc-64a">
         <name>.debug_info</name>
         <load_address>0x2692</load_address>
         <run_address>0x2692</run_address>
         <size>0x151</size>
         <input_file_ref idref="fl-3"/>
      </object_component>
      <object_component id="oc-596">
         <name>.debug_info</name>
         <load_address>0x27e3</load_address>
         <run_address>0x27e3</run_address>
         <size>0x16c</size>
         <input_file_ref idref="fl-3"/>
      </object_component>
      <object_component id="oc-5ec">
         <name>.debug_info</name>
         <load_address>0x294f</load_address>
         <run_address>0x294f</run_address>
         <size>0x1a1</size>
         <input_file_ref idref="fl-3"/>
      </object_component>
      <object_component id="oc-531">
         <name>.debug_info</name>
         <load_address>0x2af0</load_address>
         <run_address>0x2af0</run_address>
         <size>0x254</size>
         <input_file_ref idref="fl-3"/>
      </object_component>
      <object_component id="oc-491">
         <name>.debug_info</name>
         <load_address>0x2d44</load_address>
         <run_address>0x2d44</run_address>
         <size>0x123</size>
         <input_file_ref idref="fl-3"/>
      </object_component>
      <object_component id="oc-466">
         <name>.debug_info</name>
         <load_address>0x2e67</load_address>
         <run_address>0x2e67</run_address>
         <size>0x84</size>
         <input_file_ref idref="fl-4"/>
      </object_component>
      <object_component id="oc-6e9">
         <name>.debug_info</name>
         <load_address>0x2eeb</load_address>
         <run_address>0x2eeb</run_address>
         <size>0x671</size>
         <input_file_ref idref="fl-7"/>
      </object_component>
      <object_component id="oc-628">
         <name>.debug_info</name>
         <load_address>0x355c</load_address>
         <run_address>0x355c</run_address>
         <size>0x110</size>
         <input_file_ref idref="fl-7"/>
      </object_component>
      <object_component id="oc-62d">
         <name>.debug_info</name>
         <load_address>0x366c</load_address>
         <run_address>0x366c</run_address>
         <size>0x461</size>
         <input_file_ref idref="fl-7"/>
      </object_component>
      <object_component id="oc-7c3">
         <name>.debug_info</name>
         <load_address>0x3acd</load_address>
         <run_address>0x3acd</run_address>
         <size>0x76</size>
         <input_file_ref idref="fl-7"/>
      </object_component>
      <object_component id="oc-7c8">
         <name>.debug_info</name>
         <load_address>0x3b43</load_address>
         <run_address>0x3b43</run_address>
         <size>0x39</size>
         <input_file_ref idref="fl-7"/>
      </object_component>
      <object_component id="oc-809">
         <name>.debug_info</name>
         <load_address>0x3b7c</load_address>
         <run_address>0x3b7c</run_address>
         <size>0x109</size>
         <input_file_ref idref="fl-7"/>
      </object_component>
      <object_component id="oc-6df">
         <name>.debug_info</name>
         <load_address>0x3c85</load_address>
         <run_address>0x3c85</run_address>
         <size>0x4f</size>
         <input_file_ref idref="fl-7"/>
      </object_component>
      <object_component id="oc-829">
         <name>.debug_info</name>
         <load_address>0x3cd4</load_address>
         <run_address>0x3cd4</run_address>
         <size>0x273</size>
         <input_file_ref idref="fl-8"/>
      </object_component>
      <object_component id="oc-80f">
         <name>.debug_info</name>
         <load_address>0x3f47</load_address>
         <run_address>0x3f47</run_address>
         <size>0x163</size>
         <input_file_ref idref="fl-8"/>
      </object_component>
      <object_component id="oc-754">
         <name>.debug_info</name>
         <load_address>0x40aa</load_address>
         <run_address>0x40aa</run_address>
         <size>0x16b</size>
         <input_file_ref idref="fl-8"/>
      </object_component>
      <object_component id="oc-81e">
         <name>.debug_info</name>
         <load_address>0x4215</load_address>
         <run_address>0x4215</run_address>
         <size>0x1ee</size>
         <input_file_ref idref="fl-8"/>
      </object_component>
      <object_component id="oc-818">
         <name>.debug_info</name>
         <load_address>0x4403</load_address>
         <run_address>0x4403</run_address>
         <size>0x196</size>
         <input_file_ref idref="fl-8"/>
      </object_component>
      <object_component id="oc-57e">
         <name>.debug_info</name>
         <load_address>0x4599</load_address>
         <run_address>0x4599</run_address>
         <size>0x8cc</size>
         <input_file_ref idref="fl-9"/>
      </object_component>
      <object_component id="oc-73b">
         <name>.debug_info</name>
         <load_address>0x4e65</load_address>
         <run_address>0x4e65</run_address>
         <size>0x270</size>
         <input_file_ref idref="fl-9"/>
      </object_component>
      <object_component id="oc-5f3">
         <name>.debug_info</name>
         <load_address>0x50d5</load_address>
         <run_address>0x50d5</run_address>
         <size>0x27e</size>
         <input_file_ref idref="fl-9"/>
      </object_component>
      <object_component id="oc-68e">
         <name>.debug_info</name>
         <load_address>0x5353</load_address>
         <run_address>0x5353</run_address>
         <size>0x283</size>
         <input_file_ref idref="fl-9"/>
      </object_component>
      <object_component id="oc-4de">
         <name>.debug_info</name>
         <load_address>0x55d6</load_address>
         <run_address>0x55d6</run_address>
         <size>0x293</size>
         <input_file_ref idref="fl-9"/>
      </object_component>
      <object_component id="oc-8ba">
         <name>.debug_info</name>
         <load_address>0x5869</load_address>
         <run_address>0x5869</run_address>
         <size>0x3f5</size>
         <input_file_ref idref="fl-9"/>
      </object_component>
      <object_component id="oc-6c2">
         <name>.debug_info</name>
         <load_address>0x5c5e</load_address>
         <run_address>0x5c5e</run_address>
         <size>0x4b0</size>
         <input_file_ref idref="fl-9"/>
      </object_component>
      <object_component id="oc-792">
         <name>.debug_info</name>
         <load_address>0x610e</load_address>
         <run_address>0x610e</run_address>
         <size>0x1e1</size>
         <input_file_ref idref="fl-9"/>
      </object_component>
      <object_component id="oc-8d2">
         <name>.debug_info</name>
         <load_address>0x62ef</load_address>
         <run_address>0x62ef</run_address>
         <size>0x1b5</size>
         <input_file_ref idref="fl-9"/>
      </object_component>
      <object_component id="oc-780">
         <name>.debug_info</name>
         <load_address>0x64a4</load_address>
         <run_address>0x64a4</run_address>
         <size>0x204</size>
         <input_file_ref idref="fl-9"/>
      </object_component>
      <object_component id="oc-76e">
         <name>.debug_info</name>
         <load_address>0x66a8</load_address>
         <run_address>0x66a8</run_address>
         <size>0x187</size>
         <input_file_ref idref="fl-9"/>
      </object_component>
      <object_component id="oc-8a1">
         <name>.debug_info</name>
         <load_address>0x682f</load_address>
         <run_address>0x682f</run_address>
         <size>0x22a</size>
         <input_file_ref idref="fl-9"/>
      </object_component>
      <object_component id="oc-623">
         <name>.debug_info</name>
         <load_address>0x6a59</load_address>
         <run_address>0x6a59</run_address>
         <size>0x1ef</size>
         <input_file_ref idref="fl-9"/>
      </object_component>
      <object_component id="oc-579">
         <name>.debug_info</name>
         <load_address>0x6c48</load_address>
         <run_address>0x6c48</run_address>
         <size>0x46</size>
         <input_file_ref idref="fl-9"/>
      </object_component>
      <object_component id="oc-4ce">
         <name>.debug_info</name>
         <load_address>0x6c8e</load_address>
         <run_address>0x6c8e</run_address>
         <size>0x2c</size>
         <input_file_ref idref="fl-a"/>
      </object_component>
      <object_component id="oc-620">
         <name>.debug_info</name>
         <load_address>0x6cba</load_address>
         <run_address>0x6cba</run_address>
         <size>0x8b3</size>
         <input_file_ref idref="fl-b"/>
      </object_component>
      <object_component id="oc-587">
         <name>.debug_info</name>
         <load_address>0x756d</load_address>
[...]
      </symbol>
      <symbol id="sm-4f8">
         <name>vListInitialiseItem</name>
         <value>0xa988</value>
         <object_component_ref idref="oc-753"/>
      </symbol>
      <symbol id="sm-4f9">
         <name>vListInitialise</name>
         <value>0xa636</value>
         <object_component_ref idref="oc-80e"/>
      </symbol>
      <symbol id="sm-5b9">
         <name>xQueueGenericCreate</name>
         <value>0x9cec</value>
         <object_component_ref idref="oc-5f2"/>
      </symbol>
      <symbol id="sm-5ba">
         <name>xQueueGenericReset</name>
         <value>0x8ffe</value>
         <object_component_ref idref="oc-73a"/>
      </symbol>
      <symbol id="sm-5bb">
         <name>xQueueSemaphoreTake</name>
         <value>0x8080</value>
         <object_component_ref idref="oc-6c1"/>
      </symbol>
      <symbol id="sm-5bc">
         <name>xQueueGiveFromISR</name>
         <value>0x97ee</value>
         <object_component_ref idref="oc-4dd"/>
      </symbol>
      <symbol id="sm-5bd">
         <name>vQueueWaitForMessageRestricted</name>
         <value>0xa1c6</value>
         <object_component_ref idref="oc-8a0"/>
      </symbol>
      <symbol id="sm-5be">
         <name>xQueueReceive</name>
         <value>0x85c4</value>
         <object_component_ref idref="oc-8b9"/>
      </symbol>
      <symbol id="sm-767">
         <name>vTaskSuspendAll</name>
         <value>0xa9a8</value>
         <object_component_ref idref="oc-711"/>
      </symbol>
      <symbol id="sm-768">
         <name>vTaskPlaceOnEventList</name>
         <value>0xa528</value>
         <object_component_ref idref="oc-779"/>
      </symbol>
      <symbol id="sm-769">
         <name>xTaskCheckForTimeOut</name>
         <value>0x96aa</value>
         <object_component_ref idref="oc-78b"/>
      </symbol>
      <symbol id="sm-76a">
         <name>vTaskStartScheduler</name>
         <value>0x9f60</value>
         <object_component_ref idref="oc-611"/>
      </symbol>
      <symbol id="sm-76b">
         <name>vTaskInternalSetTimeOutState</name>
         <value>0xa92c</value>
         <object_component_ref idref="oc-785"/>
      </symbol>
      <symbol id="sm-76c">
         <name>pvTaskIncrementMutexHeldCount</name>
         <value>0xa82a</value>
         <object_component_ref idref="oc-79d"/>
      </symbol>
      <symbol id="sm-76d">
         <name>vTaskPriorityDisinheritAfterTimeout</name>
         <value>0x8d40</value>
         <object_component_ref idref="oc-797"/>
      </symbol>
      <symbol id="sm-76e">
         <name>xTaskCreate</name>
         <value>0x9884</value>
         <object_component_ref idref="oc-605"/>
      </symbol>
      <symbol id="sm-76f">
         <name>xTaskDelayUntil</name>
         <value>0x93fc</value>
         <object_component_ref idref="oc-6a1"/>
      </symbol>
      <symbol id="sm-770">
         <name>vTaskMissedYield</name>
         <value>0xa9a2</value>
         <object_component_ref idref="oc-839"/>
      </symbol>
      <symbol id="sm-771">
         <name>uxTaskGetNumberOfTasks</name>
         <value>0xa99c</value>
         <object_component_ref idref="oc-56c"/>
      </symbol>
      <symbol id="sm-772">
         <name>xTaskResumeAll</name>
         <value>0x8438</value>
         <object_component_ref idref="oc-72c"/>
      </symbol>
      <symbol id="sm-773">
         <name>xTaskGetTickCount</name>
         <value>0xa6de</value>
         <object_component_ref idref="oc-695"/>
      </symbol>
      <symbol id="sm-774">
         <name>pxCurrentTCB</name>
         <value>0x2cf4</value>
         <object_component_ref idref="oc-586"/>
      </symbol>
      <symbol id="sm-775">
         <name>uxTopUsedPriority</name>
         <value>0x807e</value>
         <object_component_ref idref="oc-6d5"/>
      </symbol>
      <symbol id="sm-776">
         <name>vTaskPlaceOnEventListRestricted</name>
         <value>0x9dc6</value>
         <object_component_ref idref="oc-8c7"/>
      </symbol>
      <symbol id="sm-777">
         <name>xTaskIncrementTick</name>
         <value>0x8274</value>
         <object_component_ref idref="oc-589"/>
      </symbol>
      <symbol id="sm-778">
         <name>vTaskSwitchContext</name>
         <value>0x90dc</value>
         <object_component_ref idref="oc-58f"/>
      </symbol>
      <symbol id="sm-779">
         <name>xTaskGetSchedulerState</name>
         <value>0xa890</value>
         <object_component_ref idref="oc-767"/>
      </symbol>
      <symbol id="sm-77a">
         <name>xTaskRemoveFromEventList</name>
         <value>0x8a0a</value>
         <object_component_ref idref="oc-572"/>
      </symbol>
      <symbol id="sm-77b">
         <name>xTaskPriorityInherit</name>
         <value>0x8e2e</value>
         <object_component_ref idref="oc-773"/>
      </symbol>
      <symbol id="sm-82d">
         <name>xTimerCreateTimerTask</name>
         <value>0xa260</value>
         <object_component_ref idref="oc-6cf"/>
      </symbol>
      <symbol id="sm-846">
         <name>__TI_int43</name>
         <value>0xfff8</value>
         <object_component_ref idref="oc-87"/>
      </symbol>
      <symbol id="sm-847">
         <name>vTickISREntry</name>
         <value>0xa9e6</value>
         <object_component_ref idref="oc-483"/>
      </symbol>
      <symbol id="sm-848">
         <name>usCriticalNesting</name>
         <value>0x2d3c</value>
         <object_component_ref idref="oc-583"/>
      </symbol>
      <symbol id="sm-849">
         <name>pxPortInitialiseStack</name>
         <value>0xa74e</value>
         <object_component_ref idref="oc-759"/>
      </symbol>
      <symbol id="sm-851">
         <name>vPortCooperativeTickISR</name>
         <value>0x9634</value>
         <object_component_ref idref="oc-4eb"/>
      </symbol>
      <symbol id="sm-852">
         <name>vPortPreemptiveTickISR</name>
         <value>0x9604</value>
         <object_component_ref idref="oc-4eb"/>
      </symbol>
      <symbol id="sm-853">
         <name>vPortYield</name>
         <value>0x9660</value>
         <object_component_ref idref="oc-4eb"/>
      </symbol>
      <symbol id="sm-854">
         <name>xPortStartScheduler</name>
         <value>0x9690</value>
         <object_component_ref idref="oc-4eb"/>
      </symbol>
      <symbol id="sm-8ba">
         <name>pvPortMalloc</name>
         <value>0x8746</value>
         <object_component_ref idref="oc-687"/>
      </symbol>
      <symbol id="sm-8bb">
         <name>vPortFree</name>
         <value>0x9d5a</value>
         <object_component_ref idref="oc-6a8"/>
      </symbol>
      <symbol id="sm-92e">
         <name>CS_getMCLK</name>
         <value>0xa860</value>
         <object_component_ref idref="oc-675"/>
      </symbol>
      <symbol id="sm-92f">
         <name>CS_initFLLSettle</name>
         <value>0xa45a</value>
         <object_component_ref idref="oc-66f"/>
      </symbol>
      <symbol id="sm-930">
         <name>CS_initFLL</name>
         <value>0x91aa</value>
         <object_component_ref idref="oc-700"/>
      </symbol>
      <symbol id="sm-931">
         <name>CS_getSMCLK</name>
         <value>0xa846</value>
         <object_component_ref idref="oc-67b"/>
      </symbol>
      <symbol id="sm-932">
         <name>CS_initClockSignal</name>
         <value>0x8c52</value>
         <object_component_ref idref="oc-669"/>
      </symbol>
      <symbol id="sm-97e">
         <name>GPIO_setAsInputPin</name>
         <value>0xa2ee</value>
         <object_component_ref idref="oc-5d9"/>
      </symbol>
      <symbol id="sm-97f">
         <name>GPIO_clearInterrupt</name>
         <value>0xa7b6</value>
         <object_component_ref idref="oc-4e3"/>
      </symbol>
      <symbol id="sm-980">
         <name>GPIO_enableInterrupt</name>
         <value>0xa7d4</value>
         <object_component_ref idref="oc-5f8"/>
      </symbol>
      <symbol id="sm-981">
         <name>GPIO_setAsOutputPin</name>
         <value>0xa490</value>
         <object_component_ref idref="oc-5cd"/>
      </symbol>
      <symbol id="sm-982">
         <name>GPIO_setOutputLowOnPin</name>
         <value>0xa7f2</value>
         <object_component_ref idref="oc-5d3"/>
      </symbol>
      <symbol id="sm-983">
         <name>GPIO_toggleOutputOnPin</name>
         <value>0xa80e</value>
         <object_component_ref idref="oc-742"/>
      </symbol>
      <symbol id="sm-984">
         <name>GPIO_setAsPeripheralModuleFunctionInputPin</name>
         <value>0x9c08</value>
         <object_component_ref idref="oc-5df"/>
      </symbol>
      <symbol id="sm-990">
         <name>PMM_unlockLPM5</name>
         <value>0xa990</value>
         <object_component_ref idref="oc-5e5"/>
      </symbol>
      <symbol id="sm-9a1">
         <name>WDT_A_hold</name>
         <value>0xa8a8</value>
         <object_component_ref idref="oc-4f3"/>
      </symbol>
      <symbol id="sm-9bf">
         <name>__TI_decompress_lzss</name>
         <value>0x9b92</value>
         <object_component_ref idref="oc-66"/>
      </symbol>
      <symbol id="sm-9d5">
         <name>__TI_decompress_none</name>
         <value>0xa8be</value>
         <object_component_ref idref="oc-6c"/>
      </symbol>
      <symbol id="sm-9d8">
         <name>__TI_int23</name>
         <value>0xffd0</value>
         <object_component_ref idref="oc-73"/>
      </symbol>
      <symbol id="sm-9e0">
         <name>__TI_ISR_TRAP</name>
         <value>0xa9f6</value>
         <object_component_ref idref="oc-47e"/>
      </symbol>
      <symbol id="sm-9e3">
         <name>__TI_int24</name>
         <value>0xffd2</value>
         <object_component_ref idref="oc-74"/>
      </symbol>
      <symbol id="sm-9e6">
         <name>__TI_int25</name>
         <value>0xffd4</value>
         <object_component_ref idref="oc-75"/>
      </symbol>
      <symbol id="sm-9e9">
         <name>__TI_int26</name>
         <value>0xffd6</value>
         <object_component_ref idref="oc-76"/>
      </symbol>
      <symbol id="sm-9ec">
         <name>__TI_int27</name>
         <value>0xffd8</value>
         <object_component_ref idref="oc-77"/>
      </symbol>
      <symbol id="sm-9ef">
         <name>__TI_int28</name>
         <value>0xffda</value>
         <object_component_ref idref="oc-78"/>
      </symbol>
      <symbol id="sm-9f2">
         <name>__TI_int29</name>
         <value>0xffdc</value>
         <object_component_ref idref="oc-79"/>
      </symbol>
      <symbol id="sm-9f5">
         <name>__TI_int30</name>
         <value>0xffde</value>
         <object_component_ref idref="oc-7a"/>
      </symbol>
      <symbol id="sm-9f8">
         <name>__TI_int31</name>
         <value>0xffe0</value>
         <object_component_ref idref="oc-7b"/>
      </symbol>
      <symbol id="sm-9fb">
         <name>__TI_int32</name>
         <value>0xffe2</value>
         <object_component_ref idref="oc-7c"/>
      </symbol>
      <symbol id="sm-9fe">
         <name>__TI_int33</name>
         <value>0xffe4</value>
         <object_component_ref idref="oc-7d"/>
      </symbol>
      <symbol id="sm-a01">
         <name>__TI_int34</name>
         <value>0xffe6</value>
         <object_component_ref idref="oc-7e"/>
      </symbol>
      <symbol id="sm-a04">
         <name>__TI_int35</name>
         <value>0xffe8</value>
         <object_component_ref idref="oc-7f"/>
      </symbol>
      <symbol id="sm-a07">
         <name>__TI_int36</name>
         <value>0xffea</value>
         <object_component_ref idref="oc-80"/>
      </symbol>
      <symbol id="sm-a0a">
         <name>__TI_int37</name>
         <value>0xffec</value>
         <object_component_ref idref="oc-81"/>
      </symbol>
      <symbol id="sm-a0d">
         <name>__TI_int38</name>
         <value>0xffee</value>
         <object_component_ref idref="oc-82"/>
      </symbol>
      <symbol id="sm-a10">
         <name>__TI_int39</name>
         <value>0xfff0</value>
         <object_component_ref idref="oc-83"/>
      </symbol>
      <symbol id="sm-a13">
         <name>__TI_int40</name>
         <value>0xfff2</value>
         <object_component_ref idref="oc-84"/>
      </symbol>
      <symbol id="sm-a16">
         <name>__TI_int41</name>
         <value>0xfff4</value>
         <object_component_ref idref="oc-85"/>
      </symbol>
      <symbol id="sm-a19">
         <name>__TI_int42</name>
         <value>0xfff6</value>
         <object_component_ref idref="oc-86"/>
      </symbol>
      <symbol id="sm-a1c">
         <name>__TI_int44</name>
         <value>0xfffa</value>
         <object_component_ref idref="oc-88"/>
      </symbol>
      <symbol id="sm-a1f">
         <name>__TI_int45</name>
         <value>0xfffc</value>
         <object_component_ref idref="oc-89"/>
      </symbol>
      <symbol id="sm-a32">
         <name>__TI_zero_init</name>
         <value>0xa706</value>
         <object_component_ref idref="oc-8a"/>
      </symbol>
      <symbol id="sm-a3e">
         <name>__mspabi_remi</name>
         <value>0xa60a</value>
         <object_component_ref idref="oc-7e3"/>
      </symbol>
      <symbol id="sm-a3f">
         <name>__mspabi_divi</name>
         <value>0xa60a</value>
         <object_component_ref idref="oc-7e3"/>
      </symbol>
      <symbol id="sm-a4b">
         <name>__mspabi_remli</name>
         <value>0xa32e</value>
         <object_component_ref idref="oc-7e8"/>
      </symbol>
      <symbol id="sm-a4c">
         <name>__mspabi_divli</name>
         <value>0xa32e</value>
         <object_component_ref idref="oc-7e8"/>
      </symbol>
      <symbol id="sm-a56">
         <name>__mspabi_remu</name>
         <value>0xa916</value>
         <object_component_ref idref="oc-650"/>
      </symbol>
      <symbol id="sm-a57">
         <name>__mspabi_divu</name>
         <value>0xa916</value>
         <object_component_ref idref="oc-650"/>
      </symbol>
      <symbol id="sm-a65">
         <name>__mspabi_remul</name>
         <value>0xa078</value>
         <object_component_ref idref="oc-682"/>
      </symbol>
      <symbol id="sm-a66">
         <name>__mspabi_divul</name>
         <value>0xa078</value>
         <object_component_ref idref="oc-682"/>
      </symbol>
      <symbol id="sm-a6f">
         <name>__mspabi_mpyi_f5hw</name>
         <value>0xa878</value>
         <object_component_ref idref="oc-59d"/>
      </symbol>
      <symbol id="sm-a78">
         <name>__mspabi_mpyl_f5hw</name>
         <value>0xa772</value>
         <object_component_ref idref="oc-874"/>
      </symbol>
      <symbol id="sm-a84">
         <name>__mspabi_slli</name>
         <value>0xa96a</value>
         <object_component_ref idref="oc-7d5"/>
      </symbol>
      <symbol id="sm-a8d">
         <name>_stack</name>
         <value>0x2f60</value>
         <object_component_ref idref="oc-45c"/>
      </symbol>
      <symbol id="sm-a8e">
         <name>_reset_vector</name>
         <value>0xfffe</value>
         <object_component_ref idref="oc-45f"/>
      </symbol>
      <symbol id="sm-ab0">
         <name>_auto_init_hold_wdt</name>
         <value>0x955e</value>
         <object_component_ref idref="oc-496"/>
      </symbol>
      <symbol id="sm-ab8">
         <name>__mspabi_sral_15</name>
         <value>0xa36e</value>
         <object_component_ref idref="oc-505"/>
      </symbol>
      <symbol id="sm-ab9">
         <name>__mspabi_sral_14</name>
         <value>0xa372</value>
         <object_component_ref idref="oc-505"/>
      </symbol>
      <symbol id="sm-aba">
         <name>__mspabi_sral_13</name>
         <value>0xa376</value>
         <object_component_ref idref="oc-505"/>
      </symbol>
      <symbol id="sm-abb">
         <name>__mspabi_sral_12</name>
         <value>0xa37a</value>
         <object_component_ref idref="oc-505"/>
      </symbol>
      <symbol id="sm-abc">
         <name>__mspabi_sral_11</name>
         <value>0xa37e</value>
         <object_component_ref idref="oc-505"/>
      </symbol>
      <symbol id="sm-abd">
         <name>__mspabi_sral_10</name>
         <value>0xa382</value>
         <object_component_ref idref="oc-505"/>
      </symbol>
      <symbol id="sm-abe">
         <name>__mspabi_sral_8</name>
         <value>0xa38a</value>
         <object_component_ref idref="oc-505"/>
      </symbol>
      <symbol id="sm-abf">
         <name>__mspabi_sral_9</name>
         <value>0xa386</value>
         <object_component_ref idref="oc-505"/>
      </symbol>
      <symbol id="sm-ac0">
         <name>__mspabi_sral_6</name>
         <value>0xa392</value>
         <object_component_ref idref="oc-505"/>
      </symbol>
      <symbol id="sm-ac1">
         <name>__mspabi_sral_7</name>
         <value>0xa38e</value>
         <object_component_ref idref="oc-505"/>
      </symbol>
      <symbol id="sm-ac2">
         <name>__mspabi_sral_4</name>
         <value>0xa39a</value>
         <object_component_ref idref="oc-505"/>
      </symbol>
      <symbol id="sm-ac3">
         <name>__mspabi_sral_5</name>
         <value>0xa396</value>
         <object_component_ref idref="oc-505"/>
      </symbol>
      <symbol id="sm-ac4">
         <name>__mspabi_sral_2</name>
         <value>0xa3a2</value>
         <object_component_ref idref="oc-505"/>
      </symbol>
      <symbol id="sm-ac5">
         <name>__mspabi_sral_3</name>
         <value>0xa39e</value>
         <object_component_ref idref="oc-505"/>
      </symbol>
      <symbol id="sm-ac6">
         <name>__mspabi_sral_1</name>
         <value>0xa3a6</value>
         <object_component_ref idref="oc-505"/>
      </symbol>
      <symbol id="sm-ad0">
         <name>_c_int00_noargs_noexit_mpu</name>
         <value>0xa9b0</value>
         <object_component_ref idref="oc-ae"/>
      </symbol>
      <symbol id="sm-ad9">
         <name>__mpu_init</name>
         <value>0xa3ac</value>
         <object_component_ref idref="oc-4a9"/>
      </symbol>
      <symbol id="sm-ae2">
         <name>_system_post_cinit</name>
         <value>0xa9ae</value>
         <object_component_ref idref="oc-50a"/>
      </symbol>
      <symbol id="sm-aec">
         <name>C$$EXIT</name>
         <value>0xa996</value>
         <object_component_ref idref="oc-4b8"/>
      </symbol>
      <symbol id="sm-aed">
         <name>abort</name>
         <value>0xa996</value>
         <object_component_ref idref="oc-4b8"/>
      </symbol>
      <symbol id="sm-b05">
         <name>copy_in</name>
         <value>0x9e32</value>
         <object_component_ref idref="oc-4ff"/>
      </symbol>
      <symbol id="sm-b14">
         <name>memcpy</name>
         <value>0xa662</value>
         <object_component_ref idref="oc-46b"/>
      </symbol>
      <symbol id="sm-b23">
         <name>memset</name>
         <value>0xa796</value>
         <object_component_ref idref="oc-6ae"/>
      </symbol>
      <symbol id="sm-b2c">
         <name>__TI_BINIT_Base</name>
         <value>0x0</value>
      </symbol>
      <symbol id="sm-b2d">
         <name>__TI_BINIT_Limit</name>
         <value>0x0</value>
      </symbol>
      <symbol id="sm-b2e">
         <name>__TI_INITARRAY_Base</name>
         <value>0x0</value>
      </symbol>
      <symbol id="sm-b2f">
         <name>__TI_INITARRAY_Limit</name>
         <value>0x0</value>
      </symbol>
      <symbol id="sm-b30">
         <name>vPortSetupTimerInterrupt</name>
         <value>0xa4f8</value>
      </symbol>
   </symbol_table>
   <title>Link successful</title>
</link_info>
