<?xml version="1.0"?>
<link_info>
   <banner>MSP430 Linker PC v16.9.11.LTS</banner>
   <copyright>Copyright (c) 2003-2017 Texas Instruments Incorporated</copyright>
   <link_time>0x6340d8bc</link_time>
   <link_errors>0x0</link_errors>
   <output_file>RTOS_FR2355_new.out</output_file>
   <entry_point>
      <name>_c_int00_noargs_noexit</name>
      <address>0xa8ac</address>
   </entry_point>
   <input_file_list>
      <input_file id="fl-2">
         <path>.\</path>
         <kind>object</kind>
         <file>LEDs.obj</file>
         <name>LEDs.obj</name>
      </input_file>
      <input_file id="fl-3">
         <path>.\</path>
         <kind>object</kind>
         <file>main.obj</file>
         <name>main.obj</name>
      </input_file>
      <input_file id="fl-4">
         <path>.\</path>
         <kind>object</kind>
         <file>printf-stdarg.obj</file>
         <name>printf-stdarg.obj</name>
      </input_file>
      <input_file id="fl-5">
         <path>.\Blinky_Demo\</path>
         <kind>object</kind>
         <file>main_blinky.obj</file>
         <name>main_blinky.obj</name>
      </input_file>
      <input_file id="fl-6">
         <path>.\CCS_Only\</path>
         <kind>object</kind>
         <file>RegTest.obj</file>
         <name>RegTest.obj</name>
      </input_file>
      <input_file id="fl-7">
         <path>.\FreeRTOS_Source\</path>
         <kind>object</kind>
         <file>croutine.obj</file>
         <name>croutine.obj</name>
      </input_file>
      <input_file id="fl-8">
         <path>.\FreeRTOS_Source\</path>
         <kind>object</kind>
         <file>event_groups.obj</file>
         <name>event_groups.obj</name>
      </input_file>
      <input_file id="fl-9">
         <path>.\FreeRTOS_Source\</path>
         <kind>object</kind>
         <file>list.obj</file>
         <name>list.obj</name>
      </input_file>
      <input_file id="fl-a">
         <path>.\FreeRTOS_Source\</path>
         <kind>object</kind>
         <file>queue.obj</file>
         <name>queue.obj</name>
      </input_file>
      <input_file id="fl-b">
         <path>.\FreeRTOS_Source\</path>
         <kind>object</kind>
         <file>stream_buffer.obj</file>
         <name>stream_buffer.obj</name>
      </input_file>
      <input_file id="fl-c">
         <path>.\FreeRTOS_Source\</path>
         <kind>object</kind>
         <file>tasks.obj</file>
         <name>tasks.obj</name>
      </input_file>
      <input_file id="fl-d">
         <path>.\FreeRTOS_Source\</path>
         <kind>object</kind>
         <file>timers.obj</file>
         <name>timers.obj</name>
      </input_file>
      <input_file id="fl-e">
         <path>.\FreeRTOS_Source\portable\CCS\MSP430X\</path>
         <kind>object</kind>
         <file>port.obj</file>
         <name>port.obj</name>
      </input_file>
      <input_file id="fl-f">
         <path>.\FreeRTOS_Source\portable\CCS\MSP430X\</path>
         <kind>object</kind>
         <file>portext.obj</file>
         <name>portext.obj</name>
      </input_file>
      <input_file id="fl-10">
         <path>.\FreeRTOS_Source\portable\MemMang\</path>
         <kind>object</kind>
         <file>heap_4.obj</file>
         <name>heap_4.obj</name>
      </input_file>
      <input_file id="fl-11">
         <path>.\Full_Demo\FreeRTOS+CLI\</path>
         <kind>object</kind>
         <file>FreeRTOS_CLI.obj</file>
         <name>FreeRTOS_CLI.obj</name>
      </input_file>
      <input_file id="fl-12">
         <path>.\Full_Demo\</path>
         <kind>object</kind>
         <file>Sample-CLI-commands.obj</file>
         <name>Sample-CLI-commands.obj</name>
      </input_file>
      <input_file id="fl-13">
         <path>.\Full_Demo\</path>
         <kind>object</kind>
         <file>UARTCommandConsole.obj</file>
         <name>UARTCommandConsole.obj</name>
      </input_file>
      <input_file id="fl-14">
         <path>.\Full_Demo\</path>
         <kind>object</kind>
         <file>main_full.obj</file>
         <name>main_full.obj</name>
      </input_file>
      <input_file id="fl-15">
         <path>.\Full_Demo\</path>
         <kind>object</kind>
         <file>serial.obj</file>
         <name>serial.obj</name>
      </input_file>
      <input_file id="fl-16">
         <path>.\Full_Demo\Standard_Demo_Tasks\</path>
         <kind>object</kind>
         <file>EventGroupsDemo.obj</file>
         <name>EventGroupsDemo.obj</name>
      </input_file>
      <input_file id="fl-17">
         <path>.\Full_Demo\Standard_Demo_Tasks\</path>
         <kind>object</kind>
         <file>GenQTest.obj</file>
         <name>GenQTest.obj</name>
      </input_file>
      <input_file id="fl-18">
         <path>.\Full_Demo\Standard_Demo_Tasks\</path>
         <kind>object</kind>
         <file>TaskNotify.obj</file>
         <name>TaskNotify.obj</name>
      </input_file>
      <input_file id="fl-19">
         <path>.\Full_Demo\Standard_Demo_Tasks\</path>
         <kind>object</kind>
         <file>blocktim.obj</file>
         <name>blocktim.obj</name>
      </input_file>
      <input_file id="fl-1a">
         <path>.\Full_Demo\Standard_Demo_Tasks\</path>
         <kind>object</kind>
         <file>countsem.obj</file>
         <name>countsem.obj</name>
      </input_file>
      <input_file id="fl-1b">
         <path>.\Full_Demo\Standard_Demo_Tasks\</path>
         <kind>object</kind>
         <file>dynamic.obj</file>
         <name>dynamic.obj</name>
      </input_file>
      <input_file id="fl-1c">
         <path>.\Full_Demo\Standard_Demo_Tasks\</path>
         <kind>object</kind>
         <file>recmutex.obj</file>
         <name>recmutex.obj</name>
      </input_file>
      <input_file id="fl-1d">
         <path>.\driverlib\MSP430FR2xx_4xx\</path>
         <kind>object</kind>
         <file>adc.obj</file>
         <name>adc.obj</name>
      </input_file>
      <input_file id="fl-1e">
         <path>.\driverlib\MSP430FR2xx_4xx\</path>
         <kind>object</kind>
         <file>crc.obj</file>
         <name>crc.obj</name>
      </input_file>
      <input_file id="fl-1f">
         <path>.\driverlib\MSP430FR2xx_4xx\</path>
         <kind>object</kind>
         <file>cs.obj</file>
         <name>cs.obj</name>
      </input_file>
      <input_file id="fl-20">
         <path>.\driverlib\MSP430FR2xx_4xx\</path>
         <kind>object</kind>
         <file>ecomp.obj</file>
         <name>ecomp.obj</name>
      </input_file>
      <input_file id="fl-21">
         <path>.\driverlib\MSP430FR2xx_4xx\</path>
         <kind>object</kind>
         <file>eusci_a_spi.obj</file>
         <name>eusci_a_spi.obj</name>
      </input_file>
      <input_file id="fl-22">
         <path>.\driverlib\MSP430FR2xx_4xx\</path>
         <kind>object</kind>
         <file>eusci_a_uart.obj</file>
         <name>eusci_a_uart.obj</name>
      </input_file>
      <input_file id="fl-23">
         <path>.\driverlib\MSP430FR2xx_4xx\</path>
         <kind>object</kind>
         <file>eusci_b_i2c.obj</file>
         <name>eusci_b_i2c.obj</name>
      </input_file>
      <input_file id="fl-24">
         <path>.\driverlib\MSP430FR2xx_4xx\</path>
         <kind>object</kind>
         <file>eusci_b_spi.obj</file>
         <name>eusci_b_spi.obj</name>
      </input_file>
      <input_file id="fl-25">
         <path>.\driverlib\MSP430FR2xx_4xx\</path>
         <kind>object</kind>
         <file>framctl.obj</file>
         <name>framctl.obj</name>
      </input_file>
      <input_file id="fl-26">
         <path>.\driverlib\MSP430FR2xx_4xx\</path>
         <kind>object</kind>
         <file>gpio.obj</file>
         <name>gpio.obj</name>
      </input_file>
      <input_file id="fl-27">
         <path>.\driverlib\MSP430FR2xx_4xx\</path>
         <kind>object</kind>
         <file>icc.obj</file>
         <name>icc.obj</name>
      </input_file>
      <input_file id="fl-28">
         <path>.\driverlib\MSP430FR2xx_4xx\</path>
         <kind>object</kind>
         <file>lcd_e.obj</file>
         <name>lcd_e.obj</name>
      </input_file>
      <input_file id="fl-29">
         <path>.\driverlib\MSP430FR2xx_4xx\</path>
         <kind>object</kind>
         <file>mpy32.obj</file>
         <name>mpy32.obj</name>
      </input_file>
      <input_file id="fl-2a">
         <path>.\driverlib\MSP430FR2xx_4xx\</path>
         <kind>object</kind>
         <file>pmm.obj</file>
         <name>pmm.obj</name>
      </input_file>
      <input_file id="fl-2b">
         <path>.\driverlib\MSP430FR2xx_4xx\</path>
         <kind>object</kind>
         <file>rtc.obj</file>
         <name>rtc.obj</name>
      </input_file>
      <input_file id="fl-2c">
         <path>.\driverlib\MSP430FR2xx_4xx\</path>
         <kind>object</kind>
         <file>sac.obj</file>
         <name>sac.obj</name>
      </input_file>
      <input_file id="fl-2d">
         <path>.\driverlib\MSP430FR2xx_4xx\</path>
         <kind>object</kind>
         <file>sfr.obj</file>
         <name>sfr.obj</name>
      </input_file>
      <input_file id="fl-2e">
         <path>.\driverlib\MSP430FR2xx_4xx\</path>
         <kind>object</kind>
         <file>sysctl.obj</file>
         <name>sysctl.obj</name>
      </input_file>
      <input_file id="fl-2f">
         <path>.\driverlib\MSP430FR2xx_4xx\</path>
         <kind>object</kind>
         <file>tia.obj</file>
         <name>tia.obj</name>
      </input_file>
      <input_file id="fl-30">
         <path>.\driverlib\MSP430FR2xx_4xx\</path>
         <kind>object</kind>
         <file>timer_a.obj</file>
         <name>timer_a.obj</name>
      </input_file>
      <input_file id="fl-31">
         <path>.\driverlib\MSP430FR2xx_4xx\</path>
         <kind>object</kind>
         <file>timer_b.obj</file>
         <name>timer_b.obj</name>
      </input_file>
      <input_file id="fl-32">
         <path>.\driverlib\MSP430FR2xx_4xx\</path>
         <kind>object</kind>
         <file>tlv.obj</file>
         <name>tlv.obj</name>
      </input_file>
      <input_file id="fl-33">
         <path>.\driverlib\MSP430FR2xx_4xx\</path>
         <kind>object</kind>
         <file>wdt_a.obj</file>
         <name>wdt_a.obj</name>
      </input_file>
      <input_file id="fl-39">
         <kind>object</kind>
         <file>&lt;internal&gt;</file>
         <name>&lt;internal&gt;</name>
      </input_file>
      <input_file id="fl-54">
         <path>C:\ti\ccs1210\ccs\tools\compiler\ti-cgt-msp430_16.9.11.LTS\lib\</path>
         <kind>archive</kind>
         <file>rts430x_lc_sd_eabi.lib</file>
         <name>copy_decompress_lzss.obj</name>
      </input_file>
      <input_file id="fl-55">
         <path>C:\ti\ccs1210\ccs\tools\compiler\ti-cgt-msp430_16.9.11.LTS\lib\</path>
         <kind>archive</kind>
         <file>rts430x_lc_sd_eabi.lib</file>
         <name>copy_decompress_none.obj</name>
      </input_file>
      <input_file id="fl-56">
         <path>C:\ti\ccs1210\ccs\tools\compiler\ti-cgt-msp430_16.9.11.LTS\lib\</path>
         <kind>archive</kind>
         <file>rts430x_lc_sd_eabi.lib</file>
         <name>int22.obj</name>
      </input_file>
      <input_file id="fl-57">
         <path>C:\ti\ccs1210\ccs\tools\compiler\ti-cgt-msp430_16.9.11.LTS\lib\</path>
         <kind>archive</kind>
         <file>rts430x_lc_sd_eabi.lib</file>
         <name>isr_trap.obj</name>
      </input_file>
      <input_file id="fl-58">
         <path>C:\ti\ccs1210\ccs\tools\compiler\ti-cgt-msp430_16.9.11.LTS\lib\</path>
         <kind>archive</kind>
         <file>rts430x_lc_sd_eabi.lib</file>
         <name>int23.obj</name>
      </input_file>
      <input_file id="fl-59">
         <path>C:\ti\ccs1210\ccs\tools\compiler\ti-cgt-msp430_16.9.11.LTS\lib\</path>
         <kind>archive</kind>
         <file>rts430x_lc_sd_eabi.lib</file>
         <name>int24.obj</name>
      </input_file>
      <input_file id="fl-5a">
         <path>C:\ti\ccs1210\ccs\tools\compiler\ti-cgt-msp430_16.9.11.LTS\lib\</path>
         <kind>archive</kind>
         <file>rts430x_lc_sd_eabi.lib</file>
         <name>int25.obj</name>
      </input_file>
      <input_file id="fl-5b">
         <path>C:\ti\ccs1210\ccs\tools\compiler\ti-cgt-msp430_16.9.11.LTS\lib\</path>
         <kind>archive</kind>
         <file>rts430x_lc_sd_eabi.lib</file>
         <name>int26.obj</name>
      </input_file>
      <input_file id="fl-5c">
         <path>C:\ti\ccs1210\ccs\tools\compiler\ti-cgt-msp430_16.9.11.LTS\lib\</path>
         <kind>archive</kind>
         <file>rts430x_lc_sd_eabi.lib</file>
         <name>int27.obj</name>
      </input_file>
      <input_file id="fl-5d">
         <path>C:\ti\ccs1210\ccs\tools\compiler\ti-cgt-msp430_16.9.11.LTS\lib\</path>
         <kind>archive</kind>
         <file>rts430x_lc_sd_eabi.lib</file>
         <name>int28.obj</name>
      </input_file>
      <input_file id="fl-5e">
         <path>C:\ti\ccs1210\ccs\tools\compiler\ti-cgt-msp430_16.9.11.LTS\lib\</path>
         <kind>archive</kind>
         <file>rts430x_lc_sd_eabi.lib</file>
         <name>int29.obj</name>
      </input_file>
      <input_file id="fl-5f">
         <path>C:\ti\ccs1210\ccs\tools\compiler\ti-cgt-msp430_16.9.11.LTS\lib\</path>
         <kind>archive</kind>
         <file>rts430x_lc_sd_eabi.lib</file>
         <name>int30.obj</name>
      </input_file>
      <input_file id="fl-60">
         <path>C:\ti\ccs1210\ccs\tools\compiler\ti-cgt-msp430_16.9.11.LTS\lib\</path>
         <kind>archive</kind>
         <file>rts430x_lc_sd_eabi.lib</file>
         <name>int31.obj</name>
      </input_file>
      <input_file id="fl-61">
         <path>C:\ti\ccs1210\ccs\tools\compiler\ti-cgt-msp430_16.9.11.LTS\lib\</path>
         <kind>archive</kind>
         <file>rts430x_lc_sd_eabi.lib</file>
         <name>int32.obj</name>
      </input_file>
      <input_file id="fl-62">
         <path>C:\ti\ccs1210\ccs\tools\compiler\ti-cgt-msp430_16.9.11.LTS\lib\</path>
         <kind>archive</kind>
         <file>rts430x_lc_sd_eabi.lib</file>
         <name>int34.obj</name>
      </input_file>
      <input_file id="fl-63">
         <path>C:\ti\ccs1210\ccs\tools\compiler\ti-cgt-msp430_16.9.11.LTS\lib\</path>
         <kind>archive</kind>
         <file>rts430x_lc_sd_eabi.lib</file>
         <name>int35.obj</name>
      </input_file>
      <input_file id="fl-64">
         <path>C:\ti\ccs1210\ccs\tools\compiler\ti-cgt-msp430_16.9.11.LTS\lib\</path>
         <kind>archive</kind>
         <file>rts430x_lc_sd_eabi.lib</file>
         <name>int36.obj</name>
      </input_file>
      <input_file id="fl-65">
         <path>C:\ti\ccs1210\ccs\tools\compiler\ti-cgt-msp430_16.9.11.LTS\lib\</path>
         <kind>archive</kind>
         <file>rts430x_lc_sd_eabi.lib</file>
         <name>int37.obj</name>
      </input_file>
      <input_file id="fl-66">
         <path>C:\ti\ccs1210\ccs\tools\compiler\ti-cgt-msp430_16.9.11.LTS\lib\</path>
         <kind>archive</kind>
         <file>rts430x_lc_sd_eabi.lib</file>
         <name>int38.obj</name>
      </input_file>
      <input_file id="fl-67">
         <path>C:\ti\ccs1210\ccs\tools\compiler\ti-cgt-msp430_16.9.11.LTS\lib\</path>
         <kind>archive</kind>
         <file>rts430x_lc_sd_eabi.lib</file>
         <name>int39.obj</name>
      </input_file>
      <input_file id="fl-68">
         <path>C:\ti\ccs1210\ccs\tools\compiler\ti-cgt-msp430_16.9.11.LTS\lib\</path>
         <kind>archive</kind>
         <file>rts430x_lc_sd_eabi.lib</file>
         <name>int41.obj</name>
      </input_file>
      <input_file id="fl-69">
         <path>C:\ti\ccs1210\ccs\tools\compiler\ti-cgt-msp430_16.9.11.LTS\lib\</path>
         <kind>archive</kind>
         <file>rts430x_lc_sd_eabi.lib</file>
         <name>int42.obj</name>
      </input_file>
      <input_file id="fl-6a">
         <path>C:\ti\ccs1210\ccs\tools\compiler\ti-cgt-msp430_16.9.11.LTS\lib\</path>
         <kind>archive</kind>
         <file>rts430x_lc_sd_eabi.lib</file>
         <name>int44.obj</name>
      </input_file>
      <input_file id="fl-6b">
         <path>C:\ti\ccs1210\ccs\tools\compiler\ti-cgt-msp430_16.9.11.LTS\lib\</path>
         <kind>archive</kind>
         <file>rts430x_lc_sd_eabi.lib</file>
         <name>int45.obj</name>
      </input_file>
      <input_file id="fl-6c">
         <path>C:\ti\ccs1210\ccs\tools\compiler\ti-cgt-msp430_16.9.11.LTS\lib\</path>
         <kind>archive</kind>
         <file>rts430x_lc_sd_eabi.lib</file>
         <name>copy_zero_init.obj</name>
      </input_file>
      <input_file id="fl-6d">
         <path>C:\ti\ccs1210\ccs\tools\compiler\ti-cgt-msp430_16.9.11.LTS\lib\</path>
         <kind>archive</kind>
         <file>rts430x_lc_sd_eabi.lib</file>
         <name>cpy_util.obj</name>
      </input_file>
      <input_file id="fl-6e">
         <path>C:\ti\ccs1210\ccs\tools\compiler\ti-cgt-msp430_16.9.11.LTS\lib\</path>
         <kind>archive</kind>
         <file>rts430x_lc_sd_eabi.lib</file>
         <name>div16s.obj</name>
      </input_file>
      <input_file id="fl-6f">
         <path>C:\ti\ccs1210\ccs\tools\compiler\ti-cgt-msp430_16.9.11.LTS\lib\</path>
         <kind>archive</kind>
         <file>rts430x_lc_sd_eabi.lib</file>
         <name>div32s.obj</name>
      </input_file>
      <input_file id="fl-70">
         <path>C:\ti\ccs1210\ccs\tools\compiler\ti-cgt-msp430_16.9.11.LTS\lib\</path>
         <kind>archive</kind>
         <file>rts430x_lc_sd_eabi.lib</file>
         <name>div16u.obj</name>
      </input_file>
      <input_file id="fl-71">
         <path>C:\ti\ccs1210\ccs\tools\compiler\ti-cgt-msp430_16.9.11.LTS\lib\</path>
         <kind>archive</kind>
         <file>rts430x_lc_sd_eabi.lib</file>
         <name>div32u.obj</name>
      </input_file>
      <input_file id="fl-72">
         <path>C:\ti\ccs1210\ccs\tools\compiler\ti-cgt-msp430_16.9.11.LTS\lib\</path>
         <kind>archive</kind>
         <file>rts430x_lc_sd_eabi.lib</file>
         <name>mult16.obj</name>
      </input_file>
      <input_file id="fl-73">
         <path>C:\ti\ccs1210\ccs\tools\compiler\ti-cgt-msp430_16.9.11.LTS\lib\</path>
         <kind>archive</kind>
         <file>rts430x_lc_sd_eabi.lib</file>
         <name>mult16_f5hw.obj</name>
      </input_file>
      <input_file id="fl-74">
         <path>C:\ti\ccs1210\ccs\tools\compiler\ti-cgt-msp430_16.9.11.LTS\lib\</path>
         <kind>archive</kind>
         <file>rts430x_lc_sd_eabi.lib</file>
         <name>mult32.obj</name>
      </input_file>
      <input_file id="fl-75">
         <path>C:\ti\ccs1210\ccs\tools\compiler\ti-cgt-msp430_16.9.11.LTS\lib\</path>
         <kind>archive</kind>
         <file>rts430x_lc_sd_eabi.lib</file>
         <name>mult32_f5hw.obj</name>
      </input_file>
      <input_file id="fl-76">
         <path>C:\ti\ccs1210\ccs\tools\compiler\ti-cgt-msp430_16.9.11.LTS\lib\</path>
         <kind>archive</kind>
         <file>rts430x_lc_sd_eabi.lib</file>
         <name>mult64_f5hw.obj</name>
      </input_file>
      <input_file id="fl-77">
         <path>C:\ti\ccs1210\ccs\tools\compiler\ti-cgt-msp430_16.9.11.LTS\lib\</path>
         <kind>archive</kind>
         <file>rts430x_lc_sd_eabi.lib</file>
         <name>mult1632_f5hw.obj</name>
      </input_file>
      <input_file id="fl-78">
         <path>C:\ti\ccs1210\ccs\tools\compiler\ti-cgt-msp430_16.9.11.LTS\lib\</path>
         <kind>archive</kind>
         <file>rts430x_lc_sd_eabi.lib</file>
         <name>mult3264_f5hw.obj</name>
      </input_file>
      <input_file id="fl-79">
         <path>C:\ti\ccs1210\ccs\tools\compiler\ti-cgt-msp430_16.9.11.LTS\lib\</path>
         <kind>archive</kind>
         <file>rts430x_lc_sd_eabi.lib</file>
         <name>lsl16.obj</name>
      </input_file>
      <input_file id="fl-7a">
         <path>C:\ti\ccs1210\ccs\tools\compiler\ti-cgt-msp430_16.9.11.LTS\lib\</path>
         <kind>archive</kind>
         <file>rts430x_lc_sd_eabi.lib</file>
         <name>lsr16.obj</name>
      </input_file>
      <input_file id="fl-7b">
         <path>C:\ti\ccs1210\ccs\tools\compiler\ti-cgt-msp430_16.9.11.LTS\lib\</path>
         <kind>archive</kind>
         <file>rts430x_lc_sd_eabi.lib</file>
         <name>lsr32.obj</name>
      </input_file>
      <input_file id="fl-7c">
         <path>C:\ti\ccs1210\ccs\tools\compiler\ti-cgt-msp430_16.9.11.LTS\lib\</path>
         <kind>archive</kind>
         <file>rts430x_lc_sd_eabi.lib</file>
         <name>boot.obj</name>
      </input_file>
      <input_file id="fl-7d">
         <path>C:\ti\ccs1210\ccs\tools\compiler\ti-cgt-msp430_16.9.11.LTS\lib\</path>
         <kind>archive</kind>
         <file>rts430x_lc_sd_eabi.lib</file>
         <name>args_main.obj</name>
      </input_file>
      <input_file id="fl-7e">
         <path>C:\ti\ccs1210\ccs\tools\compiler\ti-cgt-msp430_16.9.11.LTS\lib\</path>
         <kind>archive</kind>
         <file>rts430x_lc_sd_eabi.lib</file>
         <name>autoinit_wdt.obj</name>
      </input_file>
      <input_file id="fl-7f">
         <path>C:\ti\ccs1210\ccs\tools\compiler\ti-cgt-msp430_16.9.11.LTS\lib\</path>
         <kind>archive</kind>
         <file>rts430x_lc_sd_eabi.lib</file>
         <name>boot_special.obj</name>
      </input_file>
      <input_file id="fl-80">
         <path>C:\ti\ccs1210\ccs\ccs_base\msp430\lib\FR2xx\</path>
         <kind>archive</kind>
         <file>FRWP_INIT_LIB_CCS_msp430_large_code_small_data.lib</file>
         <name>frwp_init.obj</name>
      </input_file>
      <input_file id="fl-81">
         <path>C:\ti\ccs1210\ccs\tools\compiler\ti-cgt-msp430_16.9.11.LTS\lib\</path>
         <kind>archive</kind>
         <file>rts430x_lc_sd_eabi.lib</file>
         <name>startup.obj</name>
      </input_file>
      <input_file id="fl-82">
         <path>C:\ti\ccs1210\ccs\tools\compiler\ti-cgt-msp430_16.9.11.LTS\lib\</path>
         <kind>archive</kind>
         <file>rts430x_lc_sd_eabi.lib</file>
         <name>exit.obj</name>
      </input_file>
      <input_file id="fl-83">
         <path>C:\ti\ccs1210\ccs\tools\compiler\ti-cgt-msp430_16.9.11.LTS\lib\</path>
         <kind>archive</kind>
         <file>rts430x_lc_sd_eabi.lib</file>
         <name>exit_gvars.obj</name>
      </input_file>
      <input_file id="fl-84">
         <path>C:\ti\ccs1210\ccs\tools\compiler\ti-cgt-msp430_16.9.11.LTS\lib\</path>
         <kind>archive</kind>
         <file>rts430x_lc_sd_eabi.lib</file>
         <name>_lock.obj</name>
      </input_file>
      <input_file id="fl-85">
         <path>C:\ti\ccs1210\ccs\tools\compiler\ti-cgt-msp430_16.9.11.LTS\lib\</path>
         <kind>archive</kind>
         <file>rts430x_lc_sd_eabi.lib</file>
         <name>cpy_tbl.obj</name>
      </input_file>
      <input_file id="fl-86">
         <path>C:\ti\ccs1210\ccs\tools\compiler\ti-cgt-msp430_16.9.11.LTS\lib\</path>
         <kind>archive</kind>
         <file>rts430x_lc_sd_eabi.lib</file>
         <name>memcpy.obj</name>
      </input_file>
      <input_file id="fl-87">
         <path>C:\ti\ccs1210\ccs\tools\compiler\ti-cgt-msp430_16.9.11.LTS\lib\</path>
         <kind>archive</kind>
         <file>rts430x_lc_sd_eabi.lib</file>
         <name>memset.obj</name>
      </input_file>
      <input_file id="fl-88">
         <path>C:\ti\ccs1210\ccs\tools\compiler\ti-cgt-msp430_16.9.11.LTS\lib\</path>
         <kind>archive</kind>
         <file>rts430x_lc_sd_eabi.lib</file>
         <name>strcpy.obj</name>
      </input_file>
      <input_file id="fl-89">
         <path>C:\ti\ccs1210\ccs\tools\compiler\ti-cgt-msp430_16.9.11.LTS\lib\</path>
         <kind>archive</kind>
         <file>rts430x_lc_sd_eabi.lib</file>
         <name>strlen.obj</name>
      </input_file>
      <input_file id="fl-8a">
         <path>C:\ti\ccs1210\ccs\tools\compiler\ti-cgt-msp430_16.9.11.LTS\lib\</path>
         <kind>archive</kind>
         <file>rts430x_lc_sd_eabi.lib</file>
         <name>strncat.obj</name>
      </input_file>
      <input_file id="fl-8b">
         <path>C:\ti\ccs1210\ccs\tools\compiler\ti-cgt-msp430_16.9.11.LTS\lib\</path>
         <kind>archive</kind>
         <file>rts430x_lc_sd_eabi.lib</file>
         <name>strncmp.obj</name>
      </input_file>
      <input_file id="fl-8c">
         <path>C:\ti\ccs1210\ccs\tools\compiler\ti-cgt-msp430_16.9.11.LTS\lib\</path>
         <kind>archive</kind>
         <file>rts430x_lc_sd_eabi.lib</file>
         <name>strncpy.obj</name>
      </input_file>
   </input_file_list>
   <object_component_list>
      <object_component id="oc-937">
         <name>__TI_handler_table</name>
         <load_address>0x8000</load_address>
         <run_address>0x8000</run_address>
         <size>0xc</size>
      </object_component>
      <object_component id="oc-93a">
         <name>.cinit..data.load</name>
         <load_address>0x800c</load_address>
         <run_address>0x800c</run_address>
         <size>0xa</size>
      </object_component>
      <object_component id="oc-939">
         <name>.cinit..bss.load</name>
         <load_address>0x8016</load_address>
         <run_address>0x8016</run_address>
         <size>0x6</size>
      </object_component>
      <object_component id="oc-938">
         <name>__TI_cinit_table</name>
         <load_address>0x801c</load_address>
         <run_address>0x801c</run_address>
         <size>0x10</size>
      </object_component>
      <object_component id="oc-8df">
         <name>.binit</name>
         <load_address>0x802c</load_address>
         <run_address>0x802c</run_address>
         <size>0x0</size>
      </object_component>
      <object_component id="oc-6a5">
         <name>.const:GPIO_PORT_TO_BASE</name>
         <load_address>0x802c</load_address>
         <run_address>0x802c</run_address>
         <size>0x1c</size>
         <input_file_ref idref="fl-26"/>
      </object_component>
      <object_component id="oc-715">
         <name>.const:.string</name>
         <load_address>0x8048</load_address>
         <run_address>0x8048</run_address>
         <size>0x16</size>
         <input_file_ref idref="fl-c"/>
      </object_component>
      <object_component id="oc-612">
         <name>.const:.string</name>
         <load_address>0x805e</load_address>
         <run_address>0x805e</run_address>
         <size>0x8</size>
         <input_file_ref idref="fl-5"/>
      </object_component>
      <object_component id="oc-802">
         <name>.const:.string</name>
         <load_address>0x8066</load_address>
         <run_address>0x8066</run_address>
         <size>0x8</size>
         <input_file_ref idref="fl-d"/>
      </object_component>
      <object_component id="oc-5dc">
         <name>.const:$P$T0$1</name>
         <load_address>0x806e</load_address>
         <run_address>0x806e</run_address>
         <size>0x6</size>
         <input_file_ref idref="fl-3"/>
      </object_component>
      <object_component id="oc-7b1">
         <name>.const:usPins</name>
         <load_address>0x8074</load_address>
         <run_address>0x8074</run_address>
         <size>0x4</size>
         <input_file_ref idref="fl-2"/>
      </object_component>
      <object_component id="oc-7ae">
         <name>.const:.string:ucPorts</name>
         <load_address>0x8078</load_address>
         <run_address>0x8078</run_address>
         <size>0x2</size>
         <input_file_ref idref="fl-2"/>
      </object_component>
      <object_component id="oc-768">
         <name>.const</name>
         <load_address>0x807a</load_address>
         <run_address>0x807a</run_address>
         <size>0x2</size>
         <input_file_ref idref="fl-10"/>
      </object_component>
      <object_component id="oc-722">
         <name>.const</name>
         <load_address>0x807c</load_address>
         <run_address>0x807c</run_address>
         <size>0x2</size>
         <input_file_ref idref="fl-c"/>
      </object_component>
      <object_component id="oc-564">
         <name>.text:xTaskIncrementTick</name>
         <load_address>0x807e</load_address>
         <run_address>0x807e</run_address>
         <size>0x1b4</size>
         <input_file_ref idref="fl-c"/>
      </object_component>
      <object_component id="oc-708">
         <name>.text:xQueueGenericSend</name>
         <load_address>0x8232</load_address>
         <run_address>0x8232</run_address>
         <size>0x196</size>
         <input_file_ref idref="fl-a"/>
      </object_component>
      <object_component id="oc-6d5">
         <name>.text:xQueueReceive</name>
         <load_address>0x83c8</load_address>
         <run_address>0x83c8</run_address>
         <size>0x180</size>
         <input_file_ref idref="fl-a"/>
      </object_component>
      <object_component id="oc-6b4">
         <name>.text:privateCSComputeDCOFTrim</name>
         <load_address>0x8548</load_address>
         <run_address>0x8548</run_address>
         <size>0x17c</size>
         <input_file_ref idref="fl-1f"/>
      </object_component>
      <object_component id="oc-774">
         <name>.text:xTaskResumeAll</name>
         <load_address>0x86c4</load_address>
         <run_address>0x86c4</run_address>
         <size>0x16c</size>
         <input_file_ref idref="fl-c"/>
      </object_component>
      <object_component id="oc-887">
         <name>.text:prvProcessReceivedCommands</name>
         <load_address>0x8830</load_address>
         <run_address>0x8830</run_address>
         <size>0x152</size>
         <input_file_ref idref="fl-d"/>
      </object_component>
      <object_component id="oc-54a">
         <name>.text:xTaskRemoveFromEventList</name>
         <load_address>0x8982</load_address>
         <run_address>0x8982</run_address>
         <size>0x128</size>
         <input_file_ref idref="fl-c"/>
      </object_component>
      <object_component id="oc-5f1">
         <name>.text:CS_initFLLLoadTrim</name>
         <load_address>0x8aaa</load_address>
         <run_address>0x8aaa</run_address>
         <size>0x126</size>
         <input_file_ref idref="fl-1f"/>
      </object_component>
      <object_component id="oc-529">
         <name>.text:prvSetupHardware</name>
         <load_address>0x8bd0</load_address>
         <run_address>0x8bd0</run_address>
         <size>0x124</size>
         <input_file_ref idref="fl-3"/>
      </object_component>
      <object_component id="oc-5df">
         <name>.text:CS_initFLLCalculateTrim</name>
         <load_address>0x8cf4</load_address>
         <run_address>0x8cf4</run_address>
         <size>0x10a</size>
         <input_file_ref idref="fl-1f"/>
      </object_component>
      <object_component id="oc-5d6">
         <name>.text:CS_initClockSignal</name>
         <load_address>0x8dfe</load_address>
         <run_address>0x8dfe</run_address>
         <size>0xee</size>
         <input_file_ref idref="fl-1f"/>
      </object_component>
      <object_component id="oc-66">
         <name>.text:decompress:lzss:__TI_decompress_lzss</name>
         <load_address>0x8eec</load_address>
         <run_address>0x8eec</run_address>
         <size>0xee</size>
         <input_file_ref idref="fl-54"/>
      </object_component>
      <object_component id="oc-6c6">
         <name>.text:pvPortMalloc</name>
         <load_address>0x8fda</load_address>
         <run_address>0x8fda</run_address>
         <size>0xdc</size>
         <input_file_ref idref="fl-10"/>
      </object_component>
      <object_component id="oc-6f5">
         <name>.text:prvAddNewTaskToReadyList</name>
         <load_address>0x90b6</load_address>
         <run_address>0x90b6</run_address>
         <size>0xd6</size>
         <input_file_ref idref="fl-c"/>
      </object_component>
      <object_component id="oc-6ef">
         <name>.text:prvInitialiseNewTask</name>
         <load_address>0x918c</load_address>
         <run_address>0x918c</run_address>
         <size>0xd0</size>
         <input_file_ref idref="fl-c"/>
      </object_component>
      <object_component id="oc-6bd">
         <name>.text:CS_initFLL</name>
         <load_address>0x925c</load_address>
         <run_address>0x925c</run_address>
         <size>0xca</size>
         <input_file_ref idref="fl-1f"/>
      </object_component>
      <object_component id="oc-782">
         <name>.text:xQueueGenericReset</name>
         <load_address>0x9326</load_address>
         <run_address>0x9326</run_address>
         <size>0xc8</size>
         <input_file_ref idref="fl-a"/>
      </object_component>
      <object_component id="oc-628">
         <name>.text:xTaskPriorityDisinherit</name>
         <load_address>0x93ee</load_address>
         <run_address>0x93ee</run_address>
         <size>0xc4</size>
         <input_file_ref idref="fl-c"/>
      </object_component>
      <object_component id="oc-56a">
         <name>.text:vTaskSwitchContext</name>
         <load_address>0x94b2</load_address>
         <run_address>0x94b2</run_address>
         <size>0xc0</size>
         <input_file_ref idref="fl-c"/>
      </object_component>
      <object_component id="oc-7d5">
         <name>.text:prvAddCurrentTaskToDelayedList</name>
         <load_address>0x9572</load_address>
         <run_address>0x9572</run_address>
         <size>0xb6</size>
         <input_file_ref idref="fl-c"/>
      </object_component>
      <object_component id="oc-4fd">
         <name>.text:copy_in</name>
         <load_address>0x9628</load_address>
         <run_address>0x9628</run_address>
         <size>0xb2</size>
         <input_file_ref idref="fl-85"/>
      </object_component>
      <object_component id="oc-702">
         <name>.text:xTaskDelayUntil</name>
         <load_address>0x96da</load_address>
         <run_address>0x96da</run_address>
         <size>0xb2</size>
         <input_file_ref idref="fl-c"/>
      </object_component>
      <object_component id="oc-4de">
         <name>.text</name>
         <load_address>0x978c</load_address>
         <run_address>0x978c</run_address>
         <size>0xa6</size>
         <input_file_ref idref="fl-f"/>
      </object_component>
      <object_component id="oc-7a7">
         <name>.text:xTaskCheckForTimeOut</name>
         <load_address>0x9832</load_address>
         <run_address>0x9832</run_address>
         <size>0xa4</size>
         <input_file_ref idref="fl-c"/>
      </object_component>
      <object_component id="oc-79b">
         <name>.text:prvUnlockQueue</name>
         <load_address>0x98d6</load_address>
         <run_address>0x98d6</run_address>
         <size>0x9e</size>
         <input_file_ref idref="fl-a"/>
      </object_component>
      <object_component id="oc-4d2">
         <name>.text:xQueueGenericSendFromISR</name>
         <load_address>0x9974</load_address>
         <run_address>0x9974</run_address>
         <size>0x9c</size>
         <input_file_ref idref="fl-a"/>
      </object_component>
      <object_component id="oc-496">
         <name>.text:_auto_init_hold_wdt</name>
         <load_address>0x9a10</load_address>
         <run_address>0x9a10</run_address>
         <size>0x96</size>
         <input_file_ref idref="fl-7e"/>
      </object_component>
      <object_component id="oc-613">
         <name>.text:xTaskCreate</name>
         <load_address>0x9aa6</load_address>
         <run_address>0x9aa6</run_address>
         <size>0x88</size>
         <input_file_ref idref="fl-c"/>
      </object_component>
      <object_component id="oc-53e">
         <name>.text:prvCopyDataToQueue</name>
         <load_address>0x9b2e</load_address>
         <run_address>0x9b2e</run_address>
         <size>0x86</size>
         <input_file_ref idref="fl-a"/>
      </object_component>
      <object_component id="oc-4d8">
         <name>.text:xQueueReceiveFromISR</name>
         <load_address>0x9bb4</load_address>
         <run_address>0x9bb4</run_address>
         <size>0x84</size>
         <input_file_ref idref="fl-a"/>
      </object_component>
      <object_component id="oc-881">
         <name>.text:prvProcessTimerOrBlockTask</name>
         <load_address>0x9c38</load_address>
         <run_address>0x9c38</run_address>
         <size>0x7a</size>
         <input_file_ref idref="fl-d"/>
      </object_component>
      <object_component id="oc-8c0">
         <name>.text:prvInsertTimerInActiveList</name>
         <load_address>0x9cb2</load_address>
         <run_address>0x9cb2</run_address>
         <size>0x76</size>
         <input_file_ref idref="fl-d"/>
      </object_component>
      <object_component id="oc-603">
         <name>.text:xQueueGenericCreate</name>
         <load_address>0x9d28</load_address>
         <run_address>0x9d28</run_address>
         <size>0x6c</size>
         <input_file_ref idref="fl-a"/>
      </object_component>
      <object_component id="oc-8d3">
         <name>.text:vTaskPlaceOnEventListRestricted</name>
         <load_address>0x9d94</load_address>
         <run_address>0x9d94</run_address>
         <size>0x66</size>
         <input_file_ref idref="fl-c"/>
      </object_component>
      <object_component id="oc-7cd">
         <name>.text:prvInitialiseTaskLists</name>
         <load_address>0x9dfa</load_address>
         <run_address>0x9dfa</run_address>
         <size>0x5e</size>
         <input_file_ref idref="fl-c"/>
      </object_component>
      <object_component id="oc-61f">
         <name>.text:vTaskStartScheduler</name>
         <load_address>0x9e58</load_address>
         <run_address>0x9e58</run_address>
         <size>0x5e</size>
         <input_file_ref idref="fl-c"/>
      </object_component>
      <object_component id="oc-6e3">
         <name>.text:vPortFree</name>
         <load_address>0x9eb6</load_address>
         <run_address>0x9eb6</run_address>
         <size>0x58</size>
         <input_file_ref idref="fl-10"/>
      </object_component>
      <object_component id="oc-76e">
         <name>.text:prvInsertBlockIntoFreeList</name>
         <load_address>0x9f0e</load_address>
         <run_address>0x9f0e</run_address>
         <size>0x56</size>
         <input_file_ref idref="fl-10"/>
      </object_component>
      <object_component id="oc-7f0">
         <name>.text:prvCheckForValidListAndQueue</name>
         <load_address>0x9f64</load_address>
         <run_address>0x9f64</run_address>
         <size>0x54</size>
         <input_file_ref idref="fl-d"/>
      </object_component>
      <object_component id="oc-762">
         <name>.text:prvHeapInit</name>
         <load_address>0x9fb8</load_address>
         <run_address>0x9fb8</run_address>
         <size>0x54</size>
         <input_file_ref idref="fl-10"/>
      </object_component>
      <object_component id="oc-52f">
         <name>.text:main_blinky</name>
         <load_address>0xa00c</load_address>
         <run_address>0xa00c</run_address>
         <size>0x52</size>
         <input_file_ref idref="fl-5"/>
      </object_component>
      <object_component id="oc-8c6">
         <name>.text:prvReloadTimer</name>
         <load_address>0xa05e</load_address>
         <run_address>0xa05e</run_address>
         <size>0x52</size>
         <input_file_ref idref="fl-d"/>
      </object_component>
      <object_component id="oc-83c">
         <name>.text:vListInsert</name>
         <load_address>0xa0b0</load_address>
         <run_address>0xa0b0</run_address>
         <size>0x50</size>
         <input_file_ref idref="fl-9"/>
      </object_component>
      <object_component id="oc-8b3">
         <name>.text:vQueueWaitForMessageRestricted</name>
         <load_address>0xa100</load_address>
         <run_address>0xa100</run_address>
         <size>0x50</size>
         <input_file_ref idref="fl-a"/>
      </object_component>
      <object_component id="oc-7e3">
         <name>.text:prvCheckTasksWaitingTermination</name>
         <load_address>0xa150</load_address>
         <run_address>0xa150</run_address>
         <size>0x4e</size>
         <input_file_ref idref="fl-c"/>
      </object_component>
      <object_component id="oc-8b9">
         <name>.text:prvProcessExpiredTimer</name>
         <load_address>0xa19e</load_address>
         <run_address>0xa19e</run_address>
         <size>0x4a</size>
         <input_file_ref idref="fl-d"/>
      </object_component>
      <object_component id="oc-716">
         <name>.text:xTimerCreateTimerTask</name>
         <load_address>0xa1e8</load_address>
         <run_address>0xa1e8</run_address>
         <size>0x44</size>
         <input_file_ref idref="fl-d"/>
      </object_component>
      <object_component id="oc-5be">
         <name>.text:GPIO_setAsPeripheralModuleFunctionInputPin</name>
         <load_address>0xa22c</load_address>
         <run_address>0xa22c</run_address>
         <size>0x40</size>
         <input_file_ref idref="fl-26"/>
      </object_component>
      <object_component id="oc-467">
         <name>.text:__memcpy_far</name>
         <load_address>0xa26c</load_address>
         <run_address>0xa26c</run_address>
         <size>0x40</size>
         <input_file_ref idref="fl-6d"/>
      </object_component>
      <object_component id="oc-619">
         <name>.text:prvQueueSendTask</name>
         <load_address>0xa2ac</load_address>
         <run_address>0xa2ac</run_address>
         <size>0x40</size>
         <input_file_ref idref="fl-5"/>
      </object_component>
      <object_component id="oc-5d0">
         <name>.text:CS_turnOnXT1LFWithTimeout</name>
         <load_address>0xa2ec</load_address>
         <run_address>0xa2ec</run_address>
         <size>0x3e</size>
         <input_file_ref idref="fl-1f"/>
      </object_component>
      <object_component id="oc-8a">
         <name>.text:decompress:ZI:__TI_zero_init</name>
         <load_address>0xa32a</load_address>
         <run_address>0xa32a</run_address>
         <size>0x3e</size>
         <input_file_ref idref="fl-6c"/>
      </object_component>
      <object_component id="oc-6c">
         <name>.text:decompress:none:__TI_decompress_none</name>
         <load_address>0xa368</load_address>
         <run_address>0xa368</run_address>
         <size>0x3c</size>
         <input_file_ref idref="fl-55"/>
      </object_component>
      <object_component id="oc-8b1">
         <name>.text:prvSampleTimeNow</name>
         <load_address>0xa3a4</load_address>
         <run_address>0xa3a4</run_address>
         <size>0x38</size>
         <input_file_ref idref="fl-d"/>
      </object_component>
      <object_component id="oc-5eb">
         <name>.text:CS_initFLLSettle</name>
         <load_address>0xa3dc</load_address>
         <run_address>0xa3dc</run_address>
         <size>0x36</size>
         <input_file_ref idref="fl-1f"/>
      </object_component>
      <object_component id="oc-60c">
         <name>.text:prvQueueReceiveTask</name>
         <load_address>0xa412</load_address>
         <run_address>0xa412</run_address>
         <size>0x34</size>
         <input_file_ref idref="fl-5"/>
      </object_component>
      <object_component id="oc-732">
         <name>.text:uxListRemove</name>
         <load_address>0xa446</load_address>
         <run_address>0xa446</run_address>
         <size>0x30</size>
         <input_file_ref idref="fl-9"/>
      </object_component>
      <object_component id="oc-570">
         <name>.text:vApplicationSetupTimerInterrupt</name>
         <load_address>0xa476</load_address>
         <run_address>0xa476</run_address>
         <size>0x30</size>
         <input_file_ref idref="fl-3"/>
      </object_component>
      <object_component id="oc-87b">
         <name>.text:prvGetNextExpireTime</name>
         <load_address>0xa4a6</load_address>
         <run_address>0xa4a6</run_address>
         <size>0x2e</size>
         <input_file_ref idref="fl-d"/>
      </object_component>
      <object_component id="oc-7dc">
         <name>.text:prvIsQueueFull</name>
         <load_address>0xa4d4</load_address>
         <run_address>0xa4d4</run_address>
         <size>0x2e</size>
         <input_file_ref idref="fl-a"/>
      </object_component>
      <object_component id="oc-795">
         <name>.text:vTaskPlaceOnEventList</name>
         <load_address>0xa502</load_address>
         <run_address>0xa502</run_address>
         <size>0x2e</size>
         <input_file_ref idref="fl-c"/>
      </object_component>
      <object_component id="oc-78f">
         <name>.text:prvIsQueueEmpty</name>
         <load_address>0xa530</load_address>
         <run_address>0xa530</run_address>
         <size>0x2c</size>
         <input_file_ref idref="fl-a"/>
      </object_component>
      <object_component id="oc-557">
         <name>.text:prvCopyDataFromQueue</name>
         <load_address>0xa55c</load_address>
         <run_address>0xa55c</run_address>
         <size>0x2a</size>
         <input_file_ref idref="fl-a"/>
      </object_component>
      <object_component id="oc-6cc">
         <name>.text:prvInitialiseNewQueue</name>
         <load_address>0xa586</load_address>
         <run_address>0xa586</run_address>
         <size>0x2a</size>
         <input_file_ref idref="fl-a"/>
      </object_component>
      <object_component id="oc-8cd">
         <name>.text:prvSwitchTimerLists</name>
         <load_address>0xa5b0</load_address>
         <run_address>0xa5b0</run_address>
         <size>0x2a</size>
         <input_file_ref idref="fl-d"/>
      </object_component>
      <object_component id="oc-661">
         <name>.text:prvResetNextTaskUnblockTime</name>
         <load_address>0xa5da</load_address>
         <run_address>0xa5da</run_address>
         <size>0x28</size>
         <input_file_ref idref="fl-c"/>
      </object_component>
      <object_component id="oc-6fc">
         <name>.text:xTaskGetTickCount</name>
         <load_address>0xa602</load_address>
         <run_address>0xa602</run_address>
         <size>0x28</size>
         <input_file_ref idref="fl-c"/>
      </object_component>
      <object_component id="oc-833">
         <name>.text:vListInitialise</name>
         <load_address>0xa62a</load_address>
         <run_address>0xa62a</run_address>
         <size>0x26</size>
         <input_file_ref idref="fl-9"/>
      </object_component>
      <object_component id="oc-7c6">
         <name>.text:pxPortInitialiseStack</name>
         <load_address>0xa650</load_address>
         <run_address>0xa650</run_address>
         <size>0x20</size>
         <input_file_ref idref="fl-e"/>
      </object_component>
      <object_component id="oc-5e5">
         <name>.text:CS_clearAllOscFlagsWithTimeout</name>
         <load_address>0xa670</load_address>
         <run_address>0xa670</run_address>
         <size>0x1e</size>
         <input_file_ref idref="fl-1f"/>
      </object_component>
      <object_component id="oc-5b8">
         <name>.text:GPIO_setAsOutputPin</name>
         <load_address>0xa68e</load_address>
         <run_address>0xa68e</run_address>
         <size>0x1e</size>
         <input_file_ref idref="fl-26"/>
      </object_component>
      <object_component id="oc-57d">
         <name>.text</name>
         <load_address>0xa6ac</load_address>
         <run_address>0xa6ac</run_address>
         <size>0x18</size>
         <input_file_ref idref="fl-73"/>
      </object_component>
      <object_component id="oc-789">
         <name>.text:xTaskGetSchedulerState</name>
         <load_address>0xa6c4</load_address>
         <run_address>0xa6c4</run_address>
         <size>0x18</size>
         <input_file_ref idref="fl-c"/>
      </object_component>
      <object_component id="oc-5b2">
         <name>.text:GPIO_setOutputLowOnPin</name>
         <load_address>0xa6dc</load_address>
         <run_address>0xa6dc</run_address>
         <size>0x16</size>
         <input_file_ref idref="fl-26"/>
      </object_component>
      <object_component id="oc-7b4">
         <name>.text:GPIO_toggleOutputOnPin</name>
         <load_address>0xa6f2</load_address>
         <run_address>0xa6f2</run_address>
         <size>0x16</size>
         <input_file_ref idref="fl-26"/>
      </object_component>
      <object_component id="oc-4f6">
         <name>.text:WDT_A_hold</name>
         <load_address>0xa708</load_address>
         <run_address>0xa708</run_address>
         <size>0x16</size>
         <input_file_ref idref="fl-33"/>
      </object_component>
      <object_component id="oc-864">
         <name>.text:prvDeleteTCB</name>
         <load_address>0xa71e</load_address>
         <run_address>0xa71e</run_address>
         <size>0x16</size>
         <input_file_ref idref="fl-c"/>
      </object_component>
      <object_component id="oc-70f">
         <name>.text:prvIdleTask</name>
         <load_address>0xa734</load_address>
         <run_address>0xa734</run_address>
         <size>0x16</size>
         <input_file_ref idref="fl-c"/>
      </object_component>
      <object_component id="oc-7fc">
         <name>.text:prvTimerTask</name>
         <load_address>0xa74a</load_address>
         <run_address>0xa74a</run_address>
         <size>0x16</size>
         <input_file_ref idref="fl-d"/>
      </object_component>
      <object_component id="oc-675">
         <name>.text</name>
         <load_address>0xa760</load_address>
         <run_address>0xa760</run_address>
         <size>0x16</size>
         <input_file_ref idref="fl-70"/>
      </object_component>
      <object_component id="oc-6db">
         <name>.text:vParTestToggleLED</name>
         <load_address>0xa776</load_address>
         <run_address>0xa776</run_address>
         <size>0x16</size>
         <input_file_ref idref="fl-2"/>
      </object_component>
      <object_component id="oc-6e9">
         <name>.text:memset</name>
         <load_address>0xa78c</load_address>
         <run_address>0xa78c</run_address>
         <size>0x14</size>
         <input_file_ref idref="fl-87"/>
      </object_component>
      <object_component id="oc-7a1">
         <name>.text:vTaskInternalSetTimeOutState</name>
         <load_address>0xa7a0</load_address>
         <run_address>0xa7a0</run_address>
         <size>0x14</size>
         <input_file_ref idref="fl-c"/>
      </object_component>
      <object_component id="oc-582">
         <name>.text:memcpy</name>
         <load_address>0xa7b4</load_address>
         <run_address>0xa7b4</run_address>
         <size>0x12</size>
         <input_file_ref idref="fl-86"/>
      </object_component>
      <object_component id="oc-71c">
         <name>.text:vConfigureTimerForRunTimeStats</name>
         <load_address>0xa7c6</load_address>
         <run_address>0xa7c6</run_address>
         <size>0x10</size>
         <input_file_ref idref="fl-14"/>
      </object_component>
      <object_component id="oc-490">
         <name>.text:_system_pre_init</name>
         <load_address>0xa7d6</load_address>
         <run_address>0xa7d6</run_address>
         <size>0xc</size>
         <input_file_ref idref="fl-3"/>
      </object_component>
      <object_component id="oc-4b0">
         <name>.text:main</name>
         <load_address>0xa7e2</load_address>
         <run_address>0xa7e2</run_address>
         <size>0xc</size>
         <input_file_ref idref="fl-3"/>
      </object_component>
      <object_component id="oc-7e9">
         <name>.text:vApplicationIdleHook</name>
         <load_address>0xa7ee</load_address>
         <run_address>0xa7ee</run_address>
         <size>0xc</size>
         <input_file_ref idref="fl-3"/>
      </object_component>
      <object_component id="oc-5ca">
         <name>.text:CS_setExternalClockSource</name>
         <load_address>0xa7fa</load_address>
         <run_address>0xa7fa</run_address>
         <size>0xa</size>
         <input_file_ref idref="fl-1f"/>
      </object_component>
      <object_component id="oc-77a">
         <name>.text:vApplicationMallocFailedHook</name>
         <load_address>0xa804</load_address>
         <run_address>0xa804</run_address>
         <size>0xa</size>
         <input_file_ref idref="fl-3"/>
      </object_component>
      <object_component id="oc-66e">
         <name>.text:vApplicationStackOverflowHook</name>
         <load_address>0xa80e</load_address>
         <run_address>0xa80e</run_address>
         <size>0xa</size>
         <input_file_ref idref="fl-3"/>
      </object_component>
      <object_component id="oc-5c4">
         <name>.text:PMM_unlockLPM5</name>
         <load_address>0xa818</load_address>
         <run_address>0xa818</run_address>
         <size>0x6</size>
         <input_file_ref idref="fl-2a"/>
      </object_component>
      <object_component id="oc-5f7">
         <name>.text:SFR_enableInterrupt</name>
         <load_address>0xa81e</load_address>
         <run_address>0xa81e</run_address>
         <size>0x6</size>
         <input_file_ref idref="fl-2d"/>
      </object_component>
      <object_component id="oc-4b8">
         <name>.text:abort</name>
         <load_address>0xa824</load_address>
         <run_address>0xa824</run_address>
         <size>0x6</size>
         <input_file_ref idref="fl-82"/>
      </object_component>
      <object_component id="oc-544">
         <name>.text:uxTaskGetNumberOfTasks</name>
         <load_address>0xa82a</load_address>
         <run_address>0xa82a</run_address>
         <size>0x6</size>
         <input_file_ref idref="fl-c"/>
      </object_component>
      <object_component id="oc-7c0">
         <name>.text:vListInitialiseItem</name>
         <load_address>0xa830</load_address>
         <run_address>0xa830</run_address>
         <size>0x6</size>
         <input_file_ref idref="fl-9"/>
      </object_component>
      <object_component id="oc-843">
         <name>.text:vTaskMissedYield</name>
         <load_address>0xa836</load_address>
         <run_address>0xa836</run_address>
         <size>0x6</size>
         <input_file_ref idref="fl-c"/>
      </object_component>
      <object_component id="oc-759">
         <name>.text:vTaskSuspendAll</name>
         <load_address>0xa83c</load_address>
         <run_address>0xa83c</run_address>
         <size>0x6</size>
         <input_file_ref idref="fl-c"/>
      </object_component>
      <object_component id="oc-503">
         <name>.text:_system_post_cinit</name>
         <load_address>0xa842</load_address>
         <run_address>0xa842</run_address>
         <size>0x2</size>
         <input_file_ref idref="fl-81"/>
      </object_component>
      <object_component id="oc-667">
         <name>.text:vApplicationTickHook</name>
         <load_address>0xa844</load_address>
         <run_address>0xa844</run_address>
         <size>0x2</size>
         <input_file_ref idref="fl-3"/>
      </object_component>
      <object_component id="oc-478">
         <name>.text:_isr:prvUSCI_A0_ISR</name>
         <load_address>0xa846</load_address>
         <run_address>0xa846</run_address>
         <size>0x66</size>
         <input_file_ref idref="fl-15"/>
      </object_component>
      <object_component id="oc-a8">
         <name>.text:_isr:_c_int00_noargs_noexit</name>
         <load_address>0xa8ac</load_address>
         <run_address>0xa8ac</run_address>
         <size>0x1a</size>
         <input_file_ref idref="fl-7f"/>
      </object_component>
      <object_component id="oc-47e">
         <name>.text:_isr:v4RunTimeStatsTimerOverflow</name>
         <load_address>0xa8c6</load_address>
         <run_address>0xa8c6</run_address>
         <size>0x14</size>
         <input_file_ref idref="fl-14"/>
      </object_component>
      <object_component id="oc-484">
         <name>.text:_isr:vTickISREntry</name>
         <load_address>0xa8da</load_address>
         <run_address>0xa8da</run_address>
         <size>0x10</size>
         <input_file_ref idref="fl-e"/>
      </object_component>
      <object_component id="oc-473">
         <name>.text:_isr:__TI_ISR_TRAP</name>
         <load_address>0xa8ea</load_address>
         <run_address>0xa8ea</run_address>
         <size>0x8</size>
         <input_file_ref idref="fl-57"/>
      </object_component>
      <object_component id="oc-630">
         <name>.bss:pxReadyTasksLists</name>
         <uninitialized>true</uninitialized>
         <run_address>0x2c00</run_address>
         <size>0x3c</size>
         <input_file_ref idref="fl-c"/>
      </object_component>
      <object_component id="oc-855">
         <name>.bss:xDelayedTaskList1</name>
         <uninitialized>true</uninitialized>
         <run_address>0x2c54</run_address>
         <size>0xc</size>
         <input_file_ref idref="fl-c"/>
      </object_component>
      <object_component id="oc-858">
         <name>.bss:xDelayedTaskList2</name>
         <uninitialized>true</uninitialized>
         <run_address>0x2c60</run_address>
         <size>0xc</size>
         <input_file_ref idref="fl-c"/>
      </object_component>
      <object_component id="oc-65e">
         <name>.bss</name>
         <uninitialized>true</uninitialized>
         <run_address>0x2c94</run_address>
         <size>0x4</size>
         <input_file_ref idref="fl-c"/>
      </object_component>
      <object_component id="oc-633">
         <name>.bss:xPendingReadyList</name>
         <uninitialized>true</uninitialized>
         <run_address>0x2c6c</run_address>
         <size>0xc</size>
         <input_file_ref idref="fl-c"/>
      </object_component>
      <object_component id="oc-85b">
         <name>.bss:xTasksWaitingTermination</name>
         <uninitialized>true</uninitialized>
         <run_address>0x2c84</run_address>
         <size>0xc</size>
         <input_file_ref idref="fl-c"/>
      </object_component>
      <object_component id="oc-85e">
         <name>.bss:xSuspendedTaskList</name>
         <uninitialized>true</uninitialized>
         <run_address>0x2c78</run_address>
         <size>0xc</size>
         <input_file_ref idref="fl-c"/>
      </object_component>
      <object_component id="oc-86c">
         <name>.bss:xActiveTimerList1</name>
         <uninitialized>true</uninitialized>
         <run_address>0x2c3c</run_address>
         <size>0xc</size>
         <input_file_ref idref="fl-d"/>
      </object_component>
      <object_component id="oc-86f">
         <name>.bss:xActiveTimerList2</name>
         <uninitialized>true</uninitialized>
         <run_address>0x2c48</run_address>
         <size>0xc</size>
         <input_file_ref idref="fl-d"/>
      </object_component>
      <object_component id="oc-872">
         <name>.bss</name>
         <uninitialized>true</uninitialized>
         <run_address>0x2c98</run_address>
         <size>0x4</size>
         <input_file_ref idref="fl-d"/>
      </object_component>
      <object_component id="oc-81c">
         <name>.bss:ucHeap</name>
         <uninitialized>true</uninitialized>
         <run_address>0x2000</run_address>
         <size>0xc00</size>
         <input_file_ref idref="fl-10"/>
      </object_component>
      <object_component id="oc-76b">
         <name>.bss:xStart</name>
         <uninitialized>true</uninitialized>
         <run_address>0x2c9c</run_address>
         <size>0x4</size>
         <input_file_ref idref="fl-10"/>
      </object_component>
      <object_component id="oc-4cf">
         <name>.bss</name>
         <uninitialized>true</uninitialized>
         <run_address>0x2c90</run_address>
         <size>0x4</size>
         <input_file_ref idref="fl-15"/>
      </object_component>
      <object_component id="oc-609">
         <name>.data</name>
         <load_address>0x2ce2</load_address>
         <run_address>0x2ce2</run_address>
         <size>0x2</size>
         <input_file_ref idref="fl-5"/>
      </object_component>
      <object_component id="oc-561">
         <name>.data</name>
         <load_address>0x2ca0</load_address>
         <run_address>0x2ca0</run_address>
         <size>0x20</size>
         <input_file_ref idref="fl-c"/>
      </object_component>
      <object_component id="oc-7f6">
         <name>.data</name>
         <load_address>0x2cd6</load_address>
         <run_address>0x2cd6</run_address>
         <size>0x8</size>
         <input_file_ref idref="fl-d"/>
      </object_component>
      <object_component id="oc-55e">
         <name>.data</name>
         <load_address>0x2ce4</load_address>
         <run_address>0x2ce4</run_address>
         <size>0x2</size>
         <input_file_ref idref="fl-e"/>
      </object_component>
      <object_component id="oc-75f">
         <name>.data</name>
         <load_address>0x2ccc</load_address>
         <run_address>0x2ccc</run_address>
         <size>0xa</size>
         <input_file_ref idref="fl-10"/>
      </object_component>
      <object_component id="oc-4ee">
         <name>.data</name>
         <load_address>0x2cc0</load_address>
         <run_address>0x2cc0</run_address>
         <size>0xc</size>
         <input_file_ref idref="fl-14"/>
      </object_component>
      <object_component id="oc-6ac">
         <name>.data</name>
         <load_address>0x2cde</load_address>
         <run_address>0x2cde</run_address>
         <size>0x4</size>
         <input_file_ref idref="fl-1f"/>
      </object_component>
      <object_component id="oc-458">
         <name>.stack</name>
         <uninitialized>true</uninitialized>
         <run_address>0x2f60</run_address>
         <size>0x2</size>
         <input_file_ref idref="fl-7c"/>
      </object_component>
      <object_component id="oc-93b">
         <name>.stack</name>
         <uninitialized>true</uninitialized>
         <run_address>0x2f60</run_address>
         <size>0x0</size>
      </object_component>
      <object_component id="oc-72">
         <name>.int22</name>
         <load_address>0xffce</load_address>
         <run_address>0xffce</run_address>
         <size>0x2</size>
         <input_file_ref idref="fl-56"/>
      </object_component>
      <object_component id="oc-73">
         <name>.int23</name>
         <load_address>0xffd0</load_address>
         <run_address>0xffd0</run_address>
         <size>0x2</size>
         <input_file_ref idref="fl-58"/>
      </object_component>
      <object_component id="oc-74">
         <name>.int24</name>
         <load_address>0xffd2</load_address>
         <run_address>0xffd2</run_address>
         <size>0x2</size>
         <input_file_ref idref="fl-59"/>
      </object_component>
      <object_component id="oc-75">
         <name>.int25</name>
         <load_address>0xffd4</load_address>
         <run_address>0xffd4</run_address>
         <size>0x2</size>
         <input_file_ref idref="fl-5a"/>
      </object_component>
      <object_component id="oc-76">
         <name>.int26</name>
         <load_address>0xffd6</load_address>
         <run_address>0xffd6</run_address>
         <size>0x2</size>
         <input_file_ref idref="fl-5b"/>
      </object_component>
      <object_component id="oc-77">
         <name>.int27</name>
         <load_address>0xffd8</load_address>
         <run_address>0xffd8</run_address>
         <size>0x2</size>
         <input_file_ref idref="fl-5c"/>
      </object_component>
      <object_component id="oc-78">
         <name>.int28</name>
         <load_address>0xffda</load_address>
         <run_address>0xffda</run_address>
         <size>0x2</size>
         <input_file_ref idref="fl-5d"/>
      </object_component>
      <object_component id="oc-79">
         <name>.int29</name>
         <load_address>0xffdc</load_address>
         <run_address>0xffdc</run_address>
         <size>0x2</size>
         <input_file_ref idref="fl-5e"/>
      </object_component>
      <object_component id="oc-7a">
         <name>.int30</name>
         <load_address>0xffde</load_address>
         <run_address>0xffde</run_address>
         <size>0x2</size>
         <input_file_ref idref="fl-5f"/>
      </object_component>
      <object_component id="oc-7b">
         <name>.int31</name>
         <load_address>0xffe0</load_address>
         <run_address>0xffe0</run_address>
         <size>0x2</size>
         <input_file_ref idref="fl-60"/>
      </object_component>
      <object_component id="oc-7c">
         <name>.int32</name>
         <load_address>0xffe2</load_address>
         <run_address>0xffe2</run_address>
         <size>0x2</size>
         <input_file_ref idref="fl-61"/>
      </object_component>
      <object_component id="oc-7d">
         <name>.int33</name>
         <load_address>0xffe4</load_address>
         <run_address>0xffe4</run_address>
         <size>0x2</size>
         <input_file_ref idref="fl-15"/>
      </object_component>
      <object_component id="oc-7e">
         <name>.int34</name>
         <load_address>0xffe6</load_address>
         <run_address>0xffe6</run_address>
         <size>0x2</size>
         <input_file_ref idref="fl-62"/>
      </object_component>
      <object_component id="oc-7f">
         <name>.int35</name>
         <load_address>0xffe8</load_address>
         <run_address>0xffe8</run_address>
         <size>0x2</size>
         <input_file_ref idref="fl-63"/>
      </object_component>
      <object_component id="oc-80">
         <name>.int36</name>
         <load_address>0xffea</load_address>
         <run_address>0xffea</run_address>
         <size>0x2</size>
         <input_file_ref idref="fl-64"/>
      </object_component>
      <object_component id="oc-81">
         <name>.int37</name>
         <load_address>0xffec</load_address>
         <run_address>0xffec</run_address>
         <size>0x2</size>
         <input_file_ref idref="fl-65"/>
      </object_component>
      <object_component id="oc-82">
         <name>.int38</name>
         <load_address>0xffee</load_address>
         <run_address>0xffee</run_address>
         <size>0x2</size>
         <input_file_ref idref="fl-66"/>
      </object_component>
      <object_component id="oc-83">
         <name>.int39</name>
         <load_address>0xfff0</load_address>
         <run_address>0xfff0</run_address>
         <size>0x2</size>
         <input_file_ref idref="fl-67"/>
      </object_component>
      <object_component id="oc-84">
         <name>.int40</name>
         <load_address>0xfff2</load_address>
         <run_address>0xfff2</run_address>
         <size>0x2</size>
         <input_file_ref idref="fl-14"/>
      </object_component>
      <object_component id="oc-85">
         <name>.int41</name>
         <load_address>0xfff4</load_address>
         <run_address>0xfff4</run_address>
         <size>0x2</size>
         <input_file_ref idref="fl-68"/>
      </object_component>
      <object_component id="oc-86">
         <name>.int42</name>
         <load_address>0xfff6</load_address>
         <run_address>0xfff6</run_address>
         <size>0x2</size>
         <input_file_ref idref="fl-69"/>
      </object_component>
      <object_component id="oc-87">
         <name>.int43</name>
         <load_address>0xfff8</load_address>
         <run_address>0xfff8</run_address>
         <size>0x2</size>
         <input_file_ref idref="fl-e"/>
      </object_component>
      <object_component id="oc-88">
         <name>.int44</name>
         <load_address>0xfffa</load_address>
         <run_address>0xfffa</run_address>
         <size>0x2</size>
         <input_file_ref idref="fl-6a"/>
      </object_component>
      <object_component id="oc-89">
         <name>.int45</name>
         <load_address>0xfffc</load_address>
         <run_address>0xfffc</run_address>
         <size>0x2</size>
         <input_file_ref idref="fl-6b"/>
      </object_component>
      <object_component id="oc-45b">
         <name>.reset</name>
         <load_address>0xfffe</load_address>
         <run_address>0xfffe</run_address>
         <size>0x2</size>
         <input_file_ref idref="fl-7c"/>
      </object_component>
      <object_component id="oc-745">
         <name>.debug_info</name>
         <load_address>0x0</load_address>
         <run_address>0x0</run_address>
         <size>0x333</size>
         <input_file_ref idref="fl-2"/>
      </object_component>
      <object_component id="oc-7af">
         <name>.debug_info</name>
         <load_address>0x333</load_address>
         <run_address>0x333</run_address>
         <size>0xcc</size>
         <input_file_ref idref="fl-2"/>
      </object_component>
      <object_component id="oc-7b2">
         <name>.debug_info</name>
         <load_address>0x3ff</load_address>
         <run_address>0x3ff</run_address>
         <size>0xca</size>
         <input_file_ref idref="fl-2"/>
      </object_component>
      <object_component id="oc-6dc">
         <name>.debug_info</name>
         <load_address>0x4c9</load_address>
         <run_address>0x4c9</run_address>
         <size>0x14d</size>
         <input_file_ref idref="fl-2"/>
      </object_component>
      <object_component id="oc-644">
         <name>.debug_info</name>
         <load_address>0x616</load_address>
         <run_address>0x616</run_address>
         <size>0x315</size>
         <input_file_ref idref="fl-2"/>
      </object_component>
      <object_component id="oc-72d">
         <name>.debug_info</name>
         <load_address>0x92b</load_address>
         <run_address>0x92b</run_address>
         <size>0x461</size>
         <input_file_ref idref="fl-2"/>
      </object_component>
      <object_component id="oc-5fe">
         <name>.debug_info</name>
         <load_address>0xd8c</load_address>
         <run_address>0xd8c</run_address>
         <size>0x76</size>
         <input_file_ref idref="fl-2"/>
      </object_component>
      <object_component id="oc-4e9">
         <name>.debug_info</name>
         <load_address>0xe02</load_address>
         <run_address>0xe02</run_address>
         <size>0x8b</size>
         <input_file_ref idref="fl-2"/>
      </object_component>
      <object_component id="oc-68c">
         <name>.debug_info</name>
         <load_address>0xe8d</load_address>
         <run_address>0xe8d</run_address>
         <size>0x2c</size>
         <input_file_ref idref="fl-2"/>
      </object_component>
      <object_component id="oc-524">
         <name>.debug_info</name>
         <load_address>0xeb9</load_address>
         <run_address>0xeb9</run_address>
         <size>0x18b</size>
         <input_file_ref idref="fl-2"/>
      </object_component>
      <object_component id="oc-4e4">
         <name>.debug_info</name>
         <load_address>0x1044</load_address>
         <run_address>0x1044</run_address>
         <size>0x53</size>
         <input_file_ref idref="fl-2"/>
      </object_component>
      <object_component id="oc-728">
         <name>.debug_info</name>
         <load_address>0x1097</load_address>
         <run_address>0x1097</run_address>
         <size>0x46</size>
         <input_file_ref idref="fl-2"/>
      </object_component>
      <object_component id="oc-649">
         <name>.debug_info</name>
         <load_address>0x10dd</load_address>
         <run_address>0x10dd</run_address>
         <size>0x14c</size>
         <input_file_ref idref="fl-2"/>
      </object_component>
      <object_component id="oc-626">
         <name>.debug_info</name>
         <load_address>0x1229</load_address>
         <run_address>0x1229</run_address>
         <size>0x6f0</size>
         <input_file_ref idref="fl-3"/>
      </object_component>
      <object_component id="oc-5dd">
         <name>.debug_info</name>
         <load_address>0x1919</load_address>
         <run_address>0x1919</run_address>
         <size>0xcc</size>
         <input_file_ref idref="fl-3"/>
      </object_component>
      <object_component id="oc-4b1">
         <name>.debug_info</name>
         <load_address>0x19e5</load_address>
         <run_address>0x19e5</run_address>
         <size>0x11d</size>
         <input_file_ref idref="fl-3"/>
      </object_component>
      <object_component id="oc-77b">
         <name>.debug_info</name>
         <load_address>0x1b02</load_address>
         <run_address>0x1b02</run_address>
         <size>0x115</size>
         <input_file_ref idref="fl-3"/>
      </object_component>
      <object_component id="oc-66f">
         <name>.debug_info</name>
         <load_address>0x1c17</load_address>
         <run_address>0x1c17</run_address>
         <size>0x14e</size>
         <input_file_ref idref="fl-3"/>
      </object_component>
      <object_component id="oc-7ea">
         <name>.debug_info</name>
         <load_address>0x1d65</load_address>
         <run_address>0x1d65</run_address>
         <size>0x110</size>
         <input_file_ref idref="fl-3"/>
      </object_component>
      <object_component id="oc-668">
         <name>.debug_info</name>
         <load_address>0x1e75</load_address>
         <run_address>0x1e75</run_address>
         <size>0x110</size>
         <input_file_ref idref="fl-3"/>
      </object_component>
      <object_component id="oc-571">
         <name>.debug_info</name>
         <load_address>0x1f85</load_address>
         <run_address>0x1f85</run_address>
         <size>0x169</size>
         <input_file_ref idref="fl-3"/>
      </object_component>
      <object_component id="oc-52a">
         <name>.debug_info</name>
         <load_address>0x20ee</load_address>
         <run_address>0x20ee</run_address>
         <size>0x415</size>
         <input_file_ref idref="fl-3"/>
      </object_component>
      <object_component id="oc-491">
         <name>.debug_info</name>
         <load_address>0x2503</load_address>
         <run_address>0x2503</run_address>
         <size>0x120</size>
         <input_file_ref idref="fl-3"/>
      </object_component>
      <object_component id="oc-539">
         <name>.debug_info</name>
         <load_address>0x2623</load_address>
         <run_address>0x2623</run_address>
         <size>0x4f</size>
         <input_file_ref idref="fl-3"/>
      </object_component>
      <object_component id="oc-462">
         <name>.debug_info</name>
         <load_address>0x2672</load_address>
         <run_address>0x2672</run_address>
         <size>0x84</size>
         <input_file_ref idref="fl-4"/>
      </object_component>
      <object_component id="oc-6e2">
         <name>.debug_info</name>
         <load_address>0x26f6</load_address>
         <run_address>0x26f6</run_address>
         <size>0x482</size>
         <input_file_ref idref="fl-5"/>
      </object_component>
      <object_component id="oc-60a">
         <name>.debug_info</name>
         <load_address>0x2b78</load_address>
         <run_address>0x2b78</run_address>
         <size>0xdc</size>
         <input_file_ref idref="fl-5"/>
      </object_component>
      <object_component id="oc-530">
         <name>.debug_info</name>
         <load_address>0x2c54</load_address>
         <run_address>0x2c54</run_address>
         <size>0x189</size>
         <input_file_ref idref="fl-5"/>
      </object_component>
      <object_component id="oc-61a">
         <name>.debug_info</name>
         <load_address>0x2ddd</load_address>
         <run_address>0x2ddd</run_address>
         <size>0x1e9</size>
         <input_file_ref idref="fl-5"/>
      </object_component>
      <object_component id="oc-60d">
         <name>.debug_info</name>
         <load_address>0x2fc6</load_address>
         <run_address>0x2fc6</run_address>
         <size>0x1e1</size>
         <input_file_ref idref="fl-5"/>
      </object_component>
      <object_component id="oc-744">
         <name>.debug_info</name>
         <load_address>0x31a7</load_address>
         <run_address>0x31a7</run_address>
         <size>0x632</size>
         <input_file_ref idref="fl-8"/>
      </object_component>
      <object_component id="oc-63f">
         <name>.debug_info</name>
         <load_address>0x37d9</load_address>
         <run_address>0x37d9</run_address>
         <size>0x110</size>
         <input_file_ref idref="fl-8"/>
      </object_component>
      <object_component id="oc-64e">
         <name>.debug_info</name>
         <load_address>0x38e9</load_address>
         <run_address>0x38e9</run_address>
         <size>0x461</size>
         <input_file_ref idref="fl-8"/>
      </object_component>
      <object_component id="oc-80b">
         <name>.debug_info</name>
         <load_address>0x3d4a</load_address>
         <run_address>0x3d4a</run_address>
         <size>0x76</size>
         <input_file_ref idref="fl-8"/>
      </object_component>
      <object_component id="oc-810">
         <name>.debug_info</name>
         <load_address>0x3dc0</load_address>
         <run_address>0x3dc0</run_address>
         <size>0x39</size>
         <input_file_ref idref="fl-8"/>
      </object_component>
      <object_component id="oc-82e">
         <name>.debug_info</name>
         <load_address>0x3df9</load_address>
         <run_address>0x3df9</run_address>
         <size>0x109</size>
         <input_file_ref idref="fl-8"/>
      </object_component>
      <object_component id="oc-67d">
         <name>.debug_info</name>
         <load_address>0x3f02</load_address>
         <run_address>0x3f02</run_address>
         <size>0x4f</size>
         <input_file_ref idref="fl-8"/>
      </object_component>
      <object_component id="oc-808">
         <name>.debug_info</name>
         <load_address>0x3f51</load_address>
         <run_address>0x3f51</run_address>
         <size>0x257</size>
         <input_file_ref idref="fl-9"/>
      </object_component>
      <object_component id="oc-835">
         <name>.debug_info</name>
         <load_address>0x41a8</load_address>
         <run_address>0x41a8</run_address>
         <size>0x160</size>
         <input_file_ref idref="fl-9"/>
      </object_component>
      <object_component id="oc-7c2">
         <name>.debug_info</name>
         <load_address>0x4308</load_address>
         <run_address>0x4308</run_address>
         <size>0x168</size>
         <input_file_ref idref="fl-9"/>
      </object_component>
      <object_component id="oc-83d">
         <name>.debug_info</name>
         <load_address>0x4470</load_address>
         <run_address>0x4470</run_address>
         <size>0x1eb</size>
         <input_file_ref idref="fl-9"/>
      </object_component>
      <object_component id="oc-733">
         <name>.debug_info</name>
         <load_address>0x465b</load_address>
         <run_address>0x465b</run_address>
         <size>0x193</size>
         <input_file_ref idref="fl-9"/>
[...]
         <value>0xffffffff</value>
      </symbol>
      <symbol id="sm-394">
         <name>__TI_pprof_out_hndl</name>
         <value>0xffffffff</value>
      </symbol>
      <symbol id="sm-395">
         <name>__TI_prof_data_start</name>
         <value>0xffffffff</value>
      </symbol>
      <symbol id="sm-396">
         <name>__TI_prof_data_size</name>
         <value>0xffffffff</value>
      </symbol>
      <symbol id="sm-429">
         <name>vParTestToggleLED</name>
         <value>0xa776</value>
         <object_component_ref idref="oc-6db"/>
      </symbol>
      <symbol id="sm-42a">
         <name>ucPorts</name>
         <value>0x8078</value>
         <object_component_ref idref="oc-7ae"/>
      </symbol>
      <symbol id="sm-42b">
         <name>usPins</name>
         <value>0x8074</value>
         <object_component_ref idref="oc-7b1"/>
      </symbol>
      <symbol id="sm-477">
         <name>vApplicationStackOverflowHook</name>
         <value>0xa80e</value>
         <object_component_ref idref="oc-66e"/>
      </symbol>
      <symbol id="sm-478">
         <name>vApplicationIdleHook</name>
         <value>0xa7ee</value>
         <object_component_ref idref="oc-7e9"/>
      </symbol>
      <symbol id="sm-479">
         <name>vApplicationSetupTimerInterrupt</name>
         <value>0xa476</value>
         <object_component_ref idref="oc-570"/>
      </symbol>
      <symbol id="sm-47a">
         <name>main</name>
         <value>0xa7e2</value>
         <object_component_ref idref="oc-4b0"/>
      </symbol>
      <symbol id="sm-47b">
         <name>vApplicationTickHook</name>
         <value>0xa844</value>
         <object_component_ref idref="oc-667"/>
      </symbol>
      <symbol id="sm-47c">
         <name>vApplicationMallocFailedHook</name>
         <value>0xa804</value>
         <object_component_ref idref="oc-77a"/>
      </symbol>
      <symbol id="sm-47d">
         <name>_system_pre_init</name>
         <value>0xa7d6</value>
         <object_component_ref idref="oc-490"/>
      </symbol>
      <symbol id="sm-4ab">
         <name>main_blinky</name>
         <value>0xa00c</value>
         <object_component_ref idref="oc-52f"/>
      </symbol>
      <symbol id="sm-4f6">
         <name>uxListRemove</name>
         <value>0xa446</value>
         <object_component_ref idref="oc-732"/>
      </symbol>
      <symbol id="sm-4f7">
         <name>vListInsert</name>
         <value>0xa0b0</value>
         <object_component_ref idref="oc-83c"/>
      </symbol>
      <symbol id="sm-4f8">
         <name>vListInitialiseItem</name>
         <value>0xa830</value>
         <object_component_ref idref="oc-7c0"/>
      </symbol>
      <symbol id="sm-4f9">
         <name>vListInitialise</name>
         <value>0xa62a</value>
         <object_component_ref idref="oc-833"/>
      </symbol>
      <symbol id="sm-5d9">
         <name>xQueueGenericSendFromISR</name>
         <value>0x9974</value>
         <object_component_ref idref="oc-4d2"/>
      </symbol>
      <symbol id="sm-5da">
         <name>xQueueGenericCreate</name>
         <value>0x9d28</value>
         <object_component_ref idref="oc-603"/>
      </symbol>
      <symbol id="sm-5db">
         <name>xQueueGenericSend</name>
         <value>0x8232</value>
         <object_component_ref idref="oc-708"/>
      </symbol>
      <symbol id="sm-5dc">
         <name>xQueueGenericReset</name>
         <value>0x9326</value>
         <object_component_ref idref="oc-782"/>
      </symbol>
      <symbol id="sm-5dd">
         <name>xQueueReceiveFromISR</name>
         <value>0x9bb4</value>
         <object_component_ref idref="oc-4d8"/>
      </symbol>
      <symbol id="sm-5de">
         <name>vQueueWaitForMessageRestricted</name>
         <value>0xa100</value>
         <object_component_ref idref="oc-8b3"/>
      </symbol>
      <symbol id="sm-5df">
         <name>xQueueReceive</name>
         <value>0x83c8</value>
         <object_component_ref idref="oc-6d5"/>
      </symbol>
      <symbol id="sm-774">
         <name>vTaskSuspendAll</name>
         <value>0xa83c</value>
         <object_component_ref idref="oc-759"/>
      </symbol>
      <symbol id="sm-775">
         <name>vTaskPlaceOnEventList</name>
         <value>0xa502</value>
         <object_component_ref idref="oc-795"/>
      </symbol>
      <symbol id="sm-776">
         <name>xTaskCheckForTimeOut</name>
         <value>0x9832</value>
         <object_component_ref idref="oc-7a7"/>
      </symbol>
      <symbol id="sm-777">
         <name>xTaskPriorityDisinherit</name>
         <value>0x93ee</value>
         <object_component_ref idref="oc-628"/>
      </symbol>
      <symbol id="sm-778">
         <name>vTaskStartScheduler</name>
         <value>0x9e58</value>
         <object_component_ref idref="oc-61f"/>
      </symbol>
      <symbol id="sm-779">
         <name>vTaskInternalSetTimeOutState</name>
         <value>0xa7a0</value>
         <object_component_ref idref="oc-7a1"/>
      </symbol>
      <symbol id="sm-77a">
         <name>xTaskCreate</name>
         <value>0x9aa6</value>
         <object_component_ref idref="oc-613"/>
      </symbol>
      <symbol id="sm-77b">
         <name>xTaskDelayUntil</name>
         <value>0x96da</value>
         <object_component_ref idref="oc-702"/>
      </symbol>
      <symbol id="sm-77c">
         <name>vTaskMissedYield</name>
         <value>0xa836</value>
         <object_component_ref idref="oc-843"/>
      </symbol>
      <symbol id="sm-77d">
         <name>uxTaskGetNumberOfTasks</name>
         <value>0xa82a</value>
         <object_component_ref idref="oc-544"/>
      </symbol>
      <symbol id="sm-77e">
         <name>xTaskResumeAll</name>
         <value>0x86c4</value>
         <object_component_ref idref="oc-774"/>
      </symbol>
      <symbol id="sm-77f">
         <name>xTaskGetTickCount</name>
         <value>0xa602</value>
         <object_component_ref idref="oc-6fc"/>
      </symbol>
      <symbol id="sm-780">
         <name>pxCurrentTCB</name>
         <value>0x2ca0</value>
         <object_component_ref idref="oc-561"/>
      </symbol>
      <symbol id="sm-781">
         <name>uxTopUsedPriority</name>
         <value>0x807c</value>
         <object_component_ref idref="oc-722"/>
      </symbol>
      <symbol id="sm-782">
         <name>vTaskPlaceOnEventListRestricted</name>
         <value>0x9d94</value>
         <object_component_ref idref="oc-8d3"/>
      </symbol>
      <symbol id="sm-783">
         <name>xTaskIncrementTick</name>
         <value>0x807e</value>
         <object_component_ref idref="oc-564"/>
      </symbol>
      <symbol id="sm-784">
         <name>vTaskSwitchContext</name>
         <value>0x94b2</value>
         <object_component_ref idref="oc-56a"/>
      </symbol>
      <symbol id="sm-785">
         <name>xTaskGetSchedulerState</name>
         <value>0xa6c4</value>
         <object_component_ref idref="oc-789"/>
      </symbol>
      <symbol id="sm-786">
         <name>xTaskRemoveFromEventList</name>
         <value>0x8982</value>
         <object_component_ref idref="oc-54a"/>
      </symbol>
      <symbol id="sm-838">
         <name>xTimerCreateTimerTask</name>
         <value>0xa1e8</value>
         <object_component_ref idref="oc-716"/>
      </symbol>
      <symbol id="sm-851">
         <name>__TI_int43</name>
         <value>0xfff8</value>
         <object_component_ref idref="oc-87"/>
      </symbol>
      <symbol id="sm-852">
         <name>vTickISREntry</name>
         <value>0xa8da</value>
         <object_component_ref idref="oc-484"/>
      </symbol>
      <symbol id="sm-853">
         <name>usCriticalNesting</name>
         <value>0x2ce4</value>
         <object_component_ref idref="oc-55e"/>
      </symbol>
      <symbol id="sm-854">
         <name>pxPortInitialiseStack</name>
         <value>0xa650</value>
         <object_component_ref idref="oc-7c6"/>
      </symbol>
      <symbol id="sm-85c">
         <name>vPortCooperativeTickISR</name>
         <value>0x97bc</value>
         <object_component_ref idref="oc-4de"/>
      </symbol>
      <symbol id="sm-85d">
         <name>vPortPreemptiveTickISR</name>
         <value>0x978c</value>
         <object_component_ref idref="oc-4de"/>
      </symbol>
      <symbol id="sm-85e">
         <name>vPortYield</name>
         <value>0x97e8</value>
         <object_component_ref idref="oc-4de"/>
      </symbol>
      <symbol id="sm-85f">
         <name>xPortStartScheduler</name>
         <value>0x9818</value>
         <object_component_ref idref="oc-4de"/>
      </symbol>
      <symbol id="sm-8be">
         <name>pvPortMalloc</name>
         <value>0x8fda</value>
         <object_component_ref idref="oc-6c6"/>
      </symbol>
      <symbol id="sm-8bf">
         <name>vPortFree</name>
         <value>0x9eb6</value>
         <object_component_ref idref="oc-6e3"/>
      </symbol>
      <symbol id="sm-8ec">
         <name>v4RunTimeStatsTimerOverflow</name>
         <value>0xa8c6</value>
         <object_component_ref idref="oc-47e"/>
      </symbol>
      <symbol id="sm-8ed">
         <name>__TI_int40</name>
         <value>0xfff2</value>
         <object_component_ref idref="oc-84"/>
      </symbol>
      <symbol id="sm-8ee">
         <name>usRegTest2LoopCounter</name>
         <value>0x2cc2</value>
         <object_component_ref idref="oc-4ee"/>
      </symbol>
      <symbol id="sm-8ef">
         <name>usRegTest1LoopCounter</name>
         <value>0x2cc0</value>
         <object_component_ref idref="oc-4ee"/>
      </symbol>
      <symbol id="sm-8f0">
         <name>vConfigureTimerForRunTimeStats</name>
         <value>0xa7c6</value>
         <object_component_ref idref="oc-71c"/>
      </symbol>
      <symbol id="sm-8f1">
         <name>ulRunTimeCounterOverflows</name>
         <value>0x2cc4</value>
         <object_component_ref idref="oc-4ee"/>
      </symbol>
      <symbol id="sm-907">
         <name>__TI_int33</name>
         <value>0xffe4</value>
         <object_component_ref idref="oc-7d"/>
      </symbol>
      <symbol id="sm-908">
         <name>prvUSCI_A0_ISR</name>
         <value>0xa846</value>
         <object_component_ref idref="oc-478"/>
      </symbol>
      <symbol id="sm-9b5">
         <name>CS_clearAllOscFlagsWithTimeout</name>
         <value>0xa670</value>
         <object_component_ref idref="oc-5e5"/>
      </symbol>
      <symbol id="sm-9b6">
         <name>CS_initFLLLoadTrim</name>
         <value>0x8aaa</value>
         <object_component_ref idref="oc-5f1"/>
      </symbol>
      <symbol id="sm-9b7">
         <name>CS_initFLLSettle</name>
         <value>0xa3dc</value>
         <object_component_ref idref="oc-5eb"/>
      </symbol>
      <symbol id="sm-9b8">
         <name>CS_initFLL</name>
         <value>0x925c</value>
         <object_component_ref idref="oc-6bd"/>
      </symbol>
      <symbol id="sm-9b9">
         <name>CS_setExternalClockSource</name>
         <value>0xa7fa</value>
         <object_component_ref idref="oc-5ca"/>
      </symbol>
      <symbol id="sm-9ba">
         <name>CS_turnOnXT1LFWithTimeout</name>
         <value>0xa2ec</value>
         <object_component_ref idref="oc-5d0"/>
      </symbol>
      <symbol id="sm-9bb">
         <name>CS_initFLLCalculateTrim</name>
         <value>0x8cf4</value>
         <object_component_ref idref="oc-5df"/>
      </symbol>
      <symbol id="sm-9bc">
         <name>CS_initClockSignal</name>
         <value>0x8dfe</value>
         <object_component_ref idref="oc-5d6"/>
      </symbol>
      <symbol id="sm-9f0">
         <name>GPIO_setAsOutputPin</name>
         <value>0xa68e</value>
         <object_component_ref idref="oc-5b8"/>
      </symbol>
      <symbol id="sm-9f1">
         <name>GPIO_setOutputLowOnPin</name>
         <value>0xa6dc</value>
         <object_component_ref idref="oc-5b2"/>
      </symbol>
      <symbol id="sm-9f2">
         <name>GPIO_toggleOutputOnPin</name>
         <value>0xa6f2</value>
         <object_component_ref idref="oc-7b4"/>
      </symbol>
      <symbol id="sm-9f3">
         <name>GPIO_setAsPeripheralModuleFunctionInputPin</name>
         <value>0xa22c</value>
         <object_component_ref idref="oc-5be"/>
      </symbol>
      <symbol id="sm-9ff">
         <name>PMM_unlockLPM5</name>
         <value>0xa818</value>
         <object_component_ref idref="oc-5c4"/>
      </symbol>
      <symbol id="sm-a0a">
         <name>SFR_enableInterrupt</name>
         <value>0xa81e</value>
         <object_component_ref idref="oc-5f7"/>
      </symbol>
      <symbol id="sm-a18">
         <name>WDT_A_hold</name>
         <value>0xa708</value>
         <object_component_ref idref="oc-4f6"/>
      </symbol>
      <symbol id="sm-a34">
         <name>__TI_decompress_lzss</name>
         <value>0x8eec</value>
         <object_component_ref idref="oc-66"/>
      </symbol>
      <symbol id="sm-a45">
         <name>__TI_decompress_none</name>
         <value>0xa368</value>
         <object_component_ref idref="oc-6c"/>
      </symbol>
      <symbol id="sm-a48">
         <name>__TI_int22</name>
         <value>0xffce</value>
         <object_component_ref idref="oc-72"/>
      </symbol>
      <symbol id="sm-a50">
         <name>__TI_ISR_TRAP</name>
         <value>0xa8ea</value>
         <object_component_ref idref="oc-473"/>
      </symbol>
      <symbol id="sm-a53">
         <name>__TI_int23</name>
         <value>0xffd0</value>
         <object_component_ref idref="oc-73"/>
      </symbol>
      <symbol id="sm-a56">
         <name>__TI_int24</name>
         <value>0xffd2</value>
         <object_component_ref idref="oc-74"/>
      </symbol>
      <symbol id="sm-a59">
         <name>__TI_int25</name>
         <value>0xffd4</value>
         <object_component_ref idref="oc-75"/>
      </symbol>
      <symbol id="sm-a5c">
         <name>__TI_int26</name>
         <value>0xffd6</value>
         <object_component_ref idref="oc-76"/>
      </symbol>
      <symbol id="sm-a5f">
         <name>__TI_int27</name>
         <value>0xffd8</value>
         <object_component_ref idref="oc-77"/>
      </symbol>
      <symbol id="sm-a62">
         <name>__TI_int28</name>
         <value>0xffda</value>
         <object_component_ref idref="oc-78"/>
      </symbol>
      <symbol id="sm-a65">
         <name>__TI_int29</name>
         <value>0xffdc</value>
         <object_component_ref idref="oc-79"/>
      </symbol>
      <symbol id="sm-a68">
         <name>__TI_int30</name>
         <value>0xffde</value>
         <object_component_ref idref="oc-7a"/>
      </symbol>
      <symbol id="sm-a6b">
         <name>__TI_int31</name>
         <value>0xffe0</value>
         <object_component_ref idref="oc-7b"/>
      </symbol>
      <symbol id="sm-a6e">
         <name>__TI_int32</name>
         <value>0xffe2</value>
         <object_component_ref idref="oc-7c"/>
      </symbol>
      <symbol id="sm-a71">
         <name>__TI_int34</name>
         <value>0xffe6</value>
         <object_component_ref idref="oc-7e"/>
      </symbol>
      <symbol id="sm-a74">
         <name>__TI_int35</name>
         <value>0xffe8</value>
         <object_component_ref idref="oc-7f"/>
      </symbol>
      <symbol id="sm-a77">
         <name>__TI_int36</name>
         <value>0xffea</value>
         <object_component_ref idref="oc-80"/>
      </symbol>
      <symbol id="sm-a7a">
         <name>__TI_int37</name>
         <value>0xffec</value>
         <object_component_ref idref="oc-81"/>
      </symbol>
      <symbol id="sm-a7d">
         <name>__TI_int38</name>
         <value>0xffee</value>
         <object_component_ref idref="oc-82"/>
      </symbol>
      <symbol id="sm-a80">
         <name>__TI_int39</name>
         <value>0xfff0</value>
         <object_component_ref idref="oc-83"/>
      </symbol>
      <symbol id="sm-a83">
         <name>__TI_int41</name>
         <value>0xfff4</value>
         <object_component_ref idref="oc-85"/>
      </symbol>
      <symbol id="sm-a86">
         <name>__TI_int42</name>
         <value>0xfff6</value>
         <object_component_ref idref="oc-86"/>
      </symbol>
      <symbol id="sm-a89">
         <name>__TI_int44</name>
         <value>0xfffa</value>
         <object_component_ref idref="oc-88"/>
      </symbol>
      <symbol id="sm-a8c">
         <name>__TI_int45</name>
         <value>0xfffc</value>
         <object_component_ref idref="oc-89"/>
      </symbol>
      <symbol id="sm-a9c">
         <name>__TI_zero_init</name>
         <value>0xa32a</value>
         <object_component_ref idref="oc-8a"/>
      </symbol>
      <symbol id="sm-aa7">
         <name>__memcpy_far</name>
         <value>0xa26c</value>
         <object_component_ref idref="oc-467"/>
      </symbol>
      <symbol id="sm-ab3">
         <name>__mspabi_remu</name>
         <value>0xa760</value>
         <object_component_ref idref="oc-675"/>
      </symbol>
      <symbol id="sm-ab4">
         <name>__mspabi_divu</name>
         <value>0xa760</value>
         <object_component_ref idref="oc-675"/>
      </symbol>
      <symbol id="sm-abe">
         <name>__mspabi_mpyi_f5hw</name>
         <value>0xa6ac</value>
         <object_component_ref idref="oc-57d"/>
      </symbol>
      <symbol id="sm-ace">
         <name>_stack</name>
         <value>0x2f60</value>
         <object_component_ref idref="oc-458"/>
      </symbol>
      <symbol id="sm-acf">
         <name>_reset_vector</name>
         <value>0xfffe</value>
         <object_component_ref idref="oc-45b"/>
      </symbol>
      <symbol id="sm-af1">
         <name>_auto_init_hold_wdt</name>
         <value>0x9a10</value>
         <object_component_ref idref="oc-496"/>
      </symbol>
      <symbol id="sm-afb">
         <name>_c_int00_noargs_noexit</name>
         <value>0xa8ac</value>
         <object_component_ref idref="oc-a8"/>
      </symbol>
      <symbol id="sm-b05">
         <name>_system_post_cinit</name>
         <value>0xa842</value>
         <object_component_ref idref="oc-503"/>
      </symbol>
      <symbol id="sm-b0f">
         <name>C$$EXIT</name>
         <value>0xa824</value>
         <object_component_ref idref="oc-4b8"/>
      </symbol>
      <symbol id="sm-b10">
         <name>abort</name>
         <value>0xa824</value>
         <object_component_ref idref="oc-4b8"/>
      </symbol>
      <symbol id="sm-b29">
         <name>copy_in</name>
         <value>0x9628</value>
         <object_component_ref idref="oc-4fd"/>
      </symbol>
      <symbol id="sm-b37">
         <name>memcpy</name>
         <value>0xa7b4</value>
         <object_component_ref idref="oc-582"/>
      </symbol>
      <symbol id="sm-b45">
         <name>memset</name>
         <value>0xa78c</value>
         <object_component_ref idref="oc-6e9"/>
      </symbol>
      <symbol id="sm-b51">
         <name>__TI_BINIT_Base</name>
         <value>0x0</value>
      </symbol>
      <symbol id="sm-b52">
         <name>__TI_BINIT_Limit</name>
         <value>0x0</value>
      </symbol>
      <symbol id="sm-b53">
         <name>__TI_INITARRAY_Base</name>
         <value>0x0</value>
      </symbol>
      <symbol id="sm-b54">
         <name>__TI_INITARRAY_Limit</name>
         <value>0x0</value>
      </symbol>
      <symbol id="sm-b55">
         <name>vPortSetupTimerInterrupt</name>
         <value>0xa476</value>
      </symbol>
   </symbol_table>
   <title>Link successful</title>
</link_info>
